# ACTA-PROCEDENCIA {"commit": "111d5e99d9f140e039d0dd5c92b50fb1476754ee", "reproducible_desde_commit": true, "cambios_sin_commitear": [], "script": "src/p02_mcmc/momentos_desi_dr2_w0wa.py", "script_sha256": "c0bd152ef3390b235487491e3ab2a5d6e10145f45cc015bea31c1e1995c7d566", "nucleo_sha256": "5cec8af72d88f154116c5a532e42a9b6ff7a5b4c3d86bcc6921eabb246698993", "entradas": {"/mnt/datos/SSEE_data/desi_dr2_official/cosmology_chains/cobaya/base_w_wa/desi-bao-all_desy5sn_planck2018-lowl-TT-clik_planck2018-lowl-EE-clik_planck-NPIPE-highl-CamSpec-TTTEEE_planck-act-dr6-lensing/chain.1.txt": "8c783ebf283a205b7f569ce36a6694a32646ced5e28fd3b4683742733f6165e0", "/mnt/datos/SSEE_data/desi_dr2_official/cosmology_chains/cobaya/base_w_wa/desi-bao-all_desy5sn_planck2018-lowl-TT-clik_planck2018-lowl-EE-clik_planck-NPIPE-highl-CamSpec-TTTEEE_planck-act-dr6-lensing/chain.2.txt": "cd4f2ff3a66aa92aceecd47c8452520c2de09d887f231fc0df033cd68597a886", "/mnt/datos/SSEE_data/desi_dr2_official/cosmology_chains/cobaya/base_w_wa/desi-bao-all_desy5sn_planck2018-lowl-TT-clik_planck2018-lowl-EE-clik_planck-NPIPE-highl-CamSpec-TTTEEE_planck-act-dr6-lensing/chain.3.txt": "f7f8dbf28ff23d371e0b987b938d321adb920f1a09e97f746b3c0bb2d6247a01", "/mnt/datos/SSEE_data/desi_dr2_official/cosmology_chains/cobaya/base_w_wa/desi-bao-all_desy5sn_planck2018-lowl-TT-clik_planck2018-lowl-EE-clik_planck-NPIPE-highl-CamSpec-TTTEEE_planck-act-dr6-lensing/chain.4.txt": "4a3607867d34890832f431c4d61947e5572a72ff1a407141f4b8cb8d3d7ec769", "/mnt/datos/SSEE_data/desi_dr2_official/cosmology_chains/cobaya/base_w_wa/desi-bao-all_pantheonplus_planck2018-lowl-TT-clik_planck2018-lowl-EE-clik_planck-NPIPE-highl-CamSpec-TTTEEE_planck-act-dr6-lensing/chain.1.txt": "db81d299d59051ae5e1e8f67952320e08a1644a4a1f8d19267705aee32798877", "/mnt/datos/SSEE_data/desi_dr2_official/cosmology_chains/cobaya/base_w_wa/desi-bao-all_pantheonplus_planck2018-lowl-TT-clik_planck2018-lowl-EE-clik_planck-NPIPE-highl-CamSpec-TTTEEE_planck-act-dr6-lensing/chain.2.txt": "442390266f6a3bfe88e9c7cd8e29d1e7cff47fc8582f3a3af80a6b40b9f83939", "/mnt/datos/SSEE_data/desi_dr2_official/cosmology_chains/cobaya/base_w_wa/desi-bao-all_pantheonplus_planck2018-lowl-TT-clik_planck2018-lowl-EE-clik_planck-NPIPE-highl-CamSpec-TTTEEE_planck-act-dr6-lensing/chain.3.txt": "1c92edf523df34784633f6852f7564f3d953203ae939d5d2e8cd4c3fd6f580ae", "/mnt/datos/SSEE_data/desi_dr2_official/cosmology_chains/cobaya/base_w_wa/desi-bao-all_pantheonplus_planck2018-lowl-TT-clik_planck2018-lowl-EE-clik_planck-NPIPE-highl-CamSpec-TTTEEE_planck-act-dr6-lensing/chain.4.txt": "b17dc02689c3a30dd34a96d91ac35180006f17d10b82331396ef55ce999594af", "/mnt/datos/SSEE_data/desi_dr2_official/cosmology_chains/cobaya/base_w_wa/desi-bao-all_planck2018-lowl-TT-clik_planck2018-lowl-EE-clik_planck-NPIPE-highl-CamSpec-TTTEEE_planck-act-dr6-lensing/chain.1.txt": "c228de7bbaec19ddb22eec25c3dd7c40ef218976c020a7b55dd1c78dc3a638c5", "/mnt/datos/SSEE_data/desi_dr2_official/cosmology_chains/cobaya/base_w_wa/desi-bao-all_planck2018-lowl-TT-clik_planck2018-lowl-EE-clik_planck-NPIPE-highl-CamSpec-TTTEEE_planck-act-dr6-lensing/chain.2.txt": "01bb30f43b3207d8575cc16354159fceff2ad4deffacc87964b0aef7f8e8ee44", "/mnt/datos/SSEE_data/desi_dr2_official/cosmology_chains/cobaya/base_w_wa/desi-bao-all_planck2018-lowl-TT-clik_planck2018-lowl-EE-clik_planck-NPIPE-highl-CamSpec-TTTEEE_planck-act-dr6-lensing/chain.3.txt": "db12623c8c69c03ad219b28bbc517416fc941cbb1e717054344f30b4e43a4adc", "/mnt/datos/SSEE_data/desi_dr2_official/cosmology_chains/cobaya/base_w_wa/desi-bao-all_planck2018-lowl-TT-clik_planck2018-lowl-EE-clik_planck-NPIPE-highl-CamSpec-TTTEEE_planck-act-dr6-lensing/chain.4.txt": "339312d9b7d3027147c38433fb4335cb9a12585776c4dfffc592c7c43af9a5ff", "/mnt/datos/SSEE_data/desi_dr2_official/cosmology_chains/cobaya/base_w_wa/desi-bao-all_union3_planck2018-lowl-TT-clik_planck2018-lowl-EE-clik_planck-NPIPE-highl-CamSpec-TTTEEE_planck-act-dr6-lensing/chain.1.txt": "f95d091203f615e1654ea9f4fea332db08fa66c59a5fe188b4915e67e1d73b11", "/mnt/datos/SSEE_data/desi_dr2_official/cosmology_chains/cobaya/base_w_wa/desi-bao-all_union3_planck2018-lowl-TT-clik_planck2018-lowl-EE-clik_planck-NPIPE-highl-CamSpec-TTTEEE_planck-act-dr6-lensing/chain.2.txt": "23aac58326257d207b8ee3699d21ed908e46238e42041d8c2ccf12fd85c8b839", "/mnt/datos/SSEE_data/desi_dr2_official/cosmology_chains/cobaya/base_w_wa/desi-bao-all_union3_planck2018-lowl-TT-clik_planck2018-lowl-EE-clik_planck-NPIPE-highl-CamSpec-TTTEEE_planck-act-dr6-lensing/chain.3.txt": "9e0998c5685e7552b94fd45e985dd137604f34692bebbc6fb922a1588669ab6a", "/mnt/datos/SSEE_data/desi_dr2_official/cosmology_chains/cobaya/base_w_wa/desi-bao-all_union3_planck2018-lowl-TT-clik_planck2018-lowl-EE-clik_planck-NPIPE-highl-CamSpec-TTTEEE_planck-act-dr6-lensing/chain.4.txt": "7710ababc2ab0c7fb5f3f67c8b790409703bce18707a2f99a1cd3fea531b4c20"}, "argv": ["src/procedencia_sella.py", "src/p02_mcmc/momentos_desi_dr2_w0wa.py", "results/logs/desi_dr2_w0wa_momentos.log", "/mnt/datos/SSEE_data/desi_dr2_official/cosmology_chains/cobaya/base_w_wa/desi-bao-all_desy5sn_planck2018-lowl-TT-clik_planck2018-lowl-EE-clik_planck-NPIPE-highl-CamSpec-TTTEEE_planck-act-dr6-lensing/chain.1.txt", "/mnt/datos/SSEE_data/desi_dr2_official/cosmology_chains/cobaya/base_w_wa/desi-bao-all_desy5sn_planck2018-lowl-TT-clik_planck2018-lowl-EE-clik_planck-NPIPE-highl-CamSpec-TTTEEE_planck-act-dr6-lensing/chain.2.txt", "/mnt/datos/SSEE_data/desi_dr2_official/cosmology_chains/cobaya/base_w_wa/desi-bao-all_desy5sn_planck2018-lowl-TT-clik_planck2018-lowl-EE-clik_planck-NPIPE-highl-CamSpec-TTTEEE_planck-act-dr6-lensing/chain.3.txt", "/mnt/datos/SSEE_data/desi_dr2_official/cosmology_chains/cobaya/base_w_wa/desi-bao-all_desy5sn_planck2018-lowl-TT-clik_planck2018-lowl-EE-clik_planck-NPIPE-highl-CamSpec-TTTEEE_planck-act-dr6-lensing/chain.4.txt", "/mnt/datos/SSEE_data/desi_dr2_official/cosmology_chains/cobaya/base_w_wa/desi-bao-all_pantheonplus_planck2018-lowl-TT-clik_planck2018-lowl-EE-clik_planck-NPIPE-highl-CamSpec-TTTEEE_planck-act-dr6-lensing/chain.1.txt", "/mnt/datos/SSEE_data/desi_dr2_official/cosmology_chains/cobaya/base_w_wa/desi-bao-all_pantheonplus_planck2018-lowl-TT-clik_planck2018-lowl-EE-clik_planck-NPIPE-highl-CamSpec-TTTEEE_planck-act-dr6-lensing/chain.2.txt", "/mnt/datos/SSEE_data/desi_dr2_official/cosmology_chains/cobaya/base_w_wa/desi-bao-all_pantheonplus_planck2018-lowl-TT-clik_planck2018-lowl-EE-clik_planck-NPIPE-highl-CamSpec-TTTEEE_planck-act-dr6-lensing/chain.3.txt", "/mnt/datos/SSEE_data/desi_dr2_official/cosmology_chains/cobaya/base_w_wa/desi-bao-all_pantheonplus_planck2018-lowl-TT-clik_planck2018-lowl-EE-clik_planck-NPIPE-highl-CamSpec-TTTEEE_planck-act-dr6-lensing/chain.4.txt", "/mnt/datos/SSEE_data/desi_dr2_official/cosmology_chains/cobaya/base_w_wa/desi-bao-all_planck2018-lowl-TT-clik_planck2018-lowl-EE-clik_planck-NPIPE-highl-CamSpec-TTTEEE_planck-act-dr6-lensing/chain.1.txt", "/mnt/datos/SSEE_data/desi_dr2_official/cosmology_chains/cobaya/base_w_wa/desi-bao-all_planck2018-lowl-TT-clik_planck2018-lowl-EE-clik_planck-NPIPE-highl-CamSpec-TTTEEE_planck-act-dr6-lensing/chain.2.txt", "/mnt/datos/SSEE_data/desi_dr2_official/cosmology_chains/cobaya/base_w_wa/desi-bao-all_planck2018-lowl-TT-clik_planck2018-lowl-EE-clik_planck-NPIPE-highl-CamSpec-TTTEEE_planck-act-dr6-lensing/chain.3.txt", "/mnt/datos/SSEE_data/desi_dr2_official/cosmology_chains/cobaya/base_w_wa/desi-bao-all_planck2018-lowl-TT-clik_planck2018-lowl-EE-clik_planck-NPIPE-highl-CamSpec-TTTEEE_planck-act-dr6-lensing/chain.4.txt", "/mnt/datos/SSEE_data/desi_dr2_official/cosmology_chains/cobaya/base_w_wa/desi-bao-all_union3_planck2018-lowl-TT-clik_planck2018-lowl-EE-clik_planck-NPIPE-highl-CamSpec-TTTEEE_planck-act-dr6-lensing/chain.1.txt", "/mnt/datos/SSEE_data/desi_dr2_official/cosmology_chains/cobaya/base_w_wa/desi-bao-all_union3_planck2018-lowl-TT-clik_planck2018-lowl-EE-clik_planck-NPIPE-highl-CamSpec-TTTEEE_planck-act-dr6-lensing/chain.2.txt", "/mnt/datos/SSEE_data/desi_dr2_official/cosmology_chains/cobaya/base_w_wa/desi-bao-all_union3_planck2018-lowl-TT-clik_planck2018-lowl-EE-clik_planck-NPIPE-highl-CamSpec-TTTEEE_planck-act-dr6-lensing/chain.3.txt", "/mnt/datos/SSEE_data/desi_dr2_official/cosmology_chains/cobaya/base_w_wa/desi-bao-all_union3_planck2018-lowl-TT-clik_planck2018-lowl-EE-clik_planck-NPIPE-highl-CamSpec-TTTEEE_planck-act-dr6-lensing/chain.4.txt"], "fecha": "2026-10-04T00:00:32", "host": "mike-System-Product-Name", "python": "3.12.3", "versiones": {}, "nucleos": {"OMP_NUM_THREADS": "1", "MKL_NUM_THREADS": "1", "OPENBLAS_NUM_THREADS": "1", "OMPI_COMM_WORLD_SIZE": null}}
{
 "fuente": "Zenodo 10.5281/zenodo.16644577, cosmology_chains/cobaya/base_w_wa",
 "burn_in": 0.3,
 "pesos": "columna weight",
 "combos": {
  "DESI+CMB (DR2 ec.25)": {
   "w0_bf": -0.417763283471897,
   "sigma_w0": 0.20505961199394382,
   "wa_bf": -1.7514896785948089,
   "sigma_wa": 0.5796020648514303,
   "rho": -0.9776731023807405,
   "n_filas": 60039
  },
  "DESI+CMB+Pantheon+ (DR2 ec.26)": {
   "w0_bf": -0.8379669735933118,
   "sigma_w0": 0.05516687715036528,
   "wa_bf": -0.6165883622459396,
   "sigma_wa": 0.20755677965382843,
   "rho": -0.8939927973488623,
   "n_filas": 70644
  },
  "DESI+CMB+Union3 (DR2 ec.27)": {
   "w0_bf": -0.6668729291848665,
   "sigma_w0": 0.08848340882567489,
   "wa_bf": -1.0852710298213986,
   "sigma_wa": 0.2932977885337551,
   "rho": -0.9331055454809177,
   "n_filas": 76109
  },
  "DESI+CMB+DESY5 (DR2 ec.28)": {
   "w0_bf": -0.7520679982018754,
   "sigma_w0": 0.057206253775028505,
   "wa_bf": -0.8611043418200024,
   "sigma_wa": 0.22127931535586,
   "rho": -0.9052096966408578,
   "n_filas": 42819
  }
 },
 "tal_como_se_usa": {
  "DESI+CMB (DR2 ec.25)": {
   "w0_bf": "-0.4178",
   "sigma_w0": "0.2051",
   "wa_bf": "-1.7515",
   "sigma_wa": "0.5796",
   "rho": "-0.978"
  },
  "DESI+CMB+Pantheon+ (DR2 ec.26)": {
   "w0_bf": "-0.8380",
   "sigma_w0": "0.0552",
   "wa_bf": "-0.6166",
   "sigma_wa": "0.2076",
   "rho": "-0.894"
  },
  "DESI+CMB+Union3 (DR2 ec.27)": {
   "w0_bf": "-0.6669",
   "sigma_w0": "0.0885",
   "wa_bf": "-1.0853",
   "sigma_wa": "0.2933",
   "rho": "-0.933"
  },
  "DESI+CMB+DESY5 (DR2 ec.28)": {
   "w0_bf": "-0.7521",
   "sigma_w0": "0.0572",
   "wa_bf": "-0.8611",
   "sigma_wa": "0.2213",
   "rho": "-0.905"
  }
 }
}