{
 "Omega_m": 0.30888084061409116,
 "w0": -0.839949771344779,
 "wa": -0.6699748856723895,
 "H_global": 67.96214152203791,
 "H_SH0ES": 73.04,
 "sistemas": [
  {
   "nombre": "Encore/Requiem, MACS J0138.0-2155",
   "z_l": 0.336,
   "z_s": 1.949,
   "fuente": "arXiv:2509.12301",
   "razon_H0_SSEE_sobre_LCDM": 0.9837521210619912,
   "H_global_leido_en_LCDM": 69.08462006533786
  },
  {
   "nombre": "cuasar tipico TDCOSMO",
   "z_l": 0.5,
   "z_s": 2.0,
   "fuente": "orden de magnitud, no un sistema",
   "razon_H0_SSEE_sobre_LCDM": 0.9810593915847873,
   "H_global_leido_en_LCDM": 69.2742377321856
  }
 ],
 "publicadas": [
  {
   "nombre": "SN Encore",
   "H0_LCDM": 66.9,
   "mas": 11.2,
   "menos": 8.1,
   "fuente": "arXiv:2509.12301",
   "H0_con_fondo_SSEE": 65.81301689904721,
   "sigma_Hglobal_leida_LCDM": 0.09483406446767009,
   "sigma_Hglobal_leida_SSEE": 0.19505536297659393,
   "sigma_SH0ES": 0.5482142857142858
  },
  {
   "nombre": "TDCOSMO-2025",
   "H0_LCDM": 71.6,
   "mas": 3.9,
   "menos": 3.3,
   "fuente": "arXiv:2506.03023",
   "H0_con_fondo_SSEE": 70.24385243747076,
   "sigma_Hglobal_leida_LCDM": -1.1023813569582073,
   "sigma_Hglobal_leida_SSEE": -0.7047764447922434,
   "sigma_SH0ES": 0.3692307692307723
  },
  {
   "nombre": "TDCOSMO IV solo",
   "H0_LCDM": 74.5,
   "mas": 5.6,
   "menos": 6.1,
   "fuente": "arXiv:2007.02941",
   "H0_con_fondo_SSEE": 73.08892467306666,
   "sigma_Hglobal_leida_LCDM": -1.071780078354441,
   "sigma_Hglobal_leida_SSEE": -0.8566823389859695,
   "sigma_SH0ES": -0.23934426229508096
  },
  {
   "nombre": "TDCOSMO IV + SLACS",
   "H0_LCDM": 67.4,
   "mas": 4.1,
   "menos": 3.2,
   "fuente": "arXiv:2007.02941",
   "H0_con_fondo_SSEE": 66.12340299281466,
   "sigma_Hglobal_leida_LCDM": 0.13710768830192804,
   "sigma_Hglobal_leida_SSEE": 0.45713115419160816,
   "sigma_SH0ES": 1.3756097560975613
  },
  {
   "nombre": "H0LiCOW XIII",
   "H0_LCDM": 73.3,
   "mas": 1.7,
   "menos": 1.8,
   "fuente": "arXiv:1907.04869",
   "H0_con_fondo_SSEE": 71.9116534031649,
   "sigma_Hglobal_leida_LCDM": -2.965476932201159,
   "sigma_Hglobal_leida_SSEE": -2.2365345932302256,
   "sigma_SH0ES": -0.14444444444443938
  }
 ],
 "requiem_fecha": {
  "fuente": "arXiv:2509.12319 (ventanas 1 sigma); interpolacion en 1/H0 entre centros",
  "centro_H73": "2026-08",
  "centro_H67": "2027-07",
  "SSEE_leida_LCDM": {
   "H0": 69.08462006533786,
   "fecha": "2027-03"
  },
  "SH0ES": {
   "H0": 73.04,
   "fecha": "2026-08"
  },
  "P_plano_leida_LCDM": {
   "H0": 74.24634563547475,
   "fecha": "2026-06"
  },
  "nota": "la ventana de cada centro es de ~+-4 meses (incertidumbre del modelo de lente)"
 },
 "_procedencia": {
  "commit": "f0ebf4800542fa136310b5da4044b2e472e23f9e",
  "reproducible_desde_commit": true,
  "cambios_sin_commitear": [],
  "script": "src/p09_hubble/h0_lente_fondo_ssee.py",
  "script_sha256": "7333a563b3f743816a72ec1a1605575daee4a94803b59ef71873b7c74084a3ae",
  "nucleo_sha256": "5cec8af72d88f154116c5a532e42a9b6ff7a5b4c3d86bcc6921eabb246698993",
  "entradas": {
   "CANONICAL_VALUES.yaml": "a872f5d93cf8e23a54d6cd938aab3086a3591b8adb6514f11019e150aadef7e2"
  },
  "argv": [
   "src/p09_hubble/h0_lente_fondo_ssee.py"
  ],
  "fecha": "2026-10-03T04:57:24",
  "host": "mike-System-Product-Name",
  "python": "3.12.3",
  "versiones": {
   "numpy": "2.4.4",
   "scipy": "1.17.1"
  },
  "nucleos": {
   "OMP_NUM_THREADS": "1",
   "MKL_NUM_THREADS": null,
   "OPENBLAS_NUM_THREADS": null,
   "OMPI_COMM_WORLD_SIZE": null
  }
 }
}