# ACTA-PROCEDENCIA {"commit": "f2ac1945e349055465f1417c7b25322001885665", "reproducible_desde_commit": true, "cambios_sin_commitear": [], "script": "src/estadistica/look_elsewhere_full.py", "script_sha256": "55c090ba40ba52157408ea510873578941074e6e683c8fecc17b68d249ca01be", "nucleo_sha256": "5cec8af72d88f154116c5a532e42a9b6ff7a5b4c3d86bcc6921eabb246698993", "entradas": {}, "argv": ["src/procedencia_sella.py", "src/estadistica/look_elsewhere_full.py", "results/logs/look_elsewhere_full.log"], "fecha": "2026-10-03T08:00:27", "host": "mike-System-Product-Name", "python": "3.12.3", "versiones": {}, "nucleos": {"OMP_NUM_THREADS": null, "MKL_NUM_THREADS": null, "OPENBLAS_NUM_THREADS": null, "OMPI_COMM_WORLD_SIZE": null}}

=== Diccionario Génesis COMPLETO (55 constantes con nombre) ===
  constantes con nombre : 55
  valores distintos     : 25  (comparten valor por ley de no-auto-suma)
  razones A/B en (0,5]  : 490
  w0 = AURA/Omega = 0.839949771   |   wa = PYROS/IGNIS = 0.669974886
       tol |  hits w0 |  hits wa
    0.0005 |        1 |        1  <- precisión sub-DESI
     0.001 |        1 |        2  <- precisión sub-DESI
     0.002 |        1 |        4  <- precisión sub-DESI
     0.005 |        2 |        5
      0.01 |        4 |        9

Lectura: a ±0.0005 (el match es identidad exacta, |d|=0), cada
parámetro de estado es único — 1 de 490. La densidad de coincidencias
accidentales sólo crece al relajar la tolerancia muy por encima de la
precisión observacional de DESI, que es el régimen físicamente irrelevante.

=== Robustez a copias dimensionales futuras (QUINTAL…DECAL = 5Ω…10Ω) ===
  razones: 490 (base)  ->  664 (con las 6 copias)
       tol | w0 base  w0 ext | wa base  wa ext
    0.0005 |       1       1 |       1       1
     0.001 |       1       1 |       2       2
     0.002 |       1       1 |       4       4
  → el espacio crece pero los aciertos NO: la cuenta es robusta a la extensión.
