[   0.0m] ======================================================================
[   0.0m] ΛCDM BASELINE — MCMC PRODUCCIÓN (para ΔBIC vs SSEE-MIRA)
[   0.0m] ======================================================================
[   0.0m] 
Burn-in 5000 steps...
[   3.5m] Producción...
[   3.9m]   500/25000 steps  accept=0.648
[   4.2m]   1000/25000 steps  accept=0.649
[   4.6m]   1500/25000 steps  accept=0.650
[   4.9m]   2000/25000 steps  accept=0.649
[   5.3m]   2500/25000 steps  accept=0.647
[   5.7m]   3000/25000 steps  accept=0.647
[   6.0m]   3500/25000 steps  accept=0.647
[   6.4m]   4000/25000 steps  accept=0.647
[   6.7m]   4500/25000 steps  accept=0.647
[   7.1m]   5000/25000 steps  accept=0.647
[   7.5m]   5500/25000 steps  accept=0.647
[   7.8m]   6000/25000 steps  accept=0.647
[   8.2m]   6500/25000 steps  accept=0.646
[   8.5m]   7000/25000 steps  accept=0.646
[   8.9m]   7500/25000 steps  accept=0.646
[   9.3m]   8000/25000 steps  accept=0.646
[   9.6m]   8500/25000 steps  accept=0.647
[  10.0m]   9000/25000 steps  accept=0.647
[  10.4m]   9500/25000 steps  accept=0.647
[  10.7m]   10000/25000 steps  accept=0.647
[  11.1m]   10500/25000 steps  accept=0.647
[  11.5m]   11000/25000 steps  accept=0.647
[  11.8m]   11500/25000 steps  accept=0.647
[  12.2m]   12000/25000 steps  accept=0.647
[  12.6m]   12500/25000 steps  accept=0.647
[  12.9m]   13000/25000 steps  accept=0.647
[  13.3m]   13500/25000 steps  accept=0.647
[  13.7m]   14000/25000 steps  accept=0.647
[  14.1m]   14500/25000 steps  accept=0.647
[  14.4m]   15000/25000 steps  accept=0.647
[  14.8m]   15500/25000 steps  accept=0.647
[  15.2m]   16000/25000 steps  accept=0.647
[  15.6m]   16500/25000 steps  accept=0.647
[  16.0m]   17000/25000 steps  accept=0.647
[  16.3m]   17500/25000 steps  accept=0.647
[  16.7m]   18000/25000 steps  accept=0.647
[  17.1m]   18500/25000 steps  accept=0.647
[  17.5m]   19000/25000 steps  accept=0.647
[  17.9m]   19500/25000 steps  accept=0.647
[  18.3m]   20000/25000 steps  accept=0.647
[  18.7m]   20500/25000 steps  accept=0.647
[  19.1m]   21000/25000 steps  accept=0.647
[  19.5m]   21500/25000 steps  accept=0.647
[  19.9m]   22000/25000 steps  accept=0.647
[  20.3m]   22500/25000 steps  accept=0.647
[  20.7m]   23000/25000 steps  accept=0.647
[  21.1m]   23500/25000 steps  accept=0.647
[  21.5m]   24000/25000 steps  accept=0.647
[  22.0m]   24500/25000 steps  accept=0.647
[  22.4m]   25000/25000 steps  accept=0.647
[  22.5m] 
======================================================================
[  22.5m] ΛCDM BASELINE — RESULTADO
[  22.5m] ======================================================================
[  22.5m]   H₀     = 68.2864 ± 0.3801
[  22.5m]   Ω_m    = 0.30323 ± 0.00547
[  22.5m]   Ω_b·h² = 0.02233
[  22.5m]   ln P_MAP = -16.030
[  22.5m]   τ_max = 38.7    N_eff ≈ 64574
[  22.5m]   acceptance = 0.647
[  22.5m] 
  BIC (k=3, N=16): 40.378
[  22.5m] 
  Para ΔBIC vs SSEE-MIRA: SSEE_BIC = 253.435 (k=2, N=15)
[  22.5m]                           ΛCDM_BIC = 40.378 (k=3, N=16)
[  22.5m]                           ΔBIC = -213.057  (>0 favorece SSEE)
[  22.5m] 
Tiempo total: 22.5 min
[   0.0m] ======================================================================
[   0.0m] ΛCDM BASELINE — MCMC PRODUCCIÓN (para ΔBIC vs SSEE-MIRA)
[   0.0m] ======================================================================
[   0.0m] ======================================================================
[   0.0m] ΛCDM BASELINE — MCMC PRODUCCIÓN (para ΔBIC vs SSEE-MIRA)
[   0.0m] ======================================================================
[   0.0m] 
Burn-in 5000 steps...
[   6.4m] Producción...
[   7.0m]   500/25000 steps  accept=0.646
[   7.7m]   1000/25000 steps  accept=0.647
[   8.3m]   1500/25000 steps  accept=0.647
[   9.0m]   2000/25000 steps  accept=0.647
[   9.6m]   2500/25000 steps  accept=0.646
[  10.2m]   3000/25000 steps  accept=0.646
[  10.9m]   3500/25000 steps  accept=0.647
[  11.6m]   4000/25000 steps  accept=0.646
[  12.3m]   4500/25000 steps  accept=0.646
[  12.9m]   5000/25000 steps  accept=0.646
[  13.6m]   5500/25000 steps  accept=0.646
[  14.3m]   6000/25000 steps  accept=0.646
[  14.9m]   6500/25000 steps  accept=0.646
[  15.6m]   7000/25000 steps  accept=0.646
[  16.2m]   7500/25000 steps  accept=0.646
[  16.9m]   8000/25000 steps  accept=0.646
[  17.5m]   8500/25000 steps  accept=0.646
[  18.2m]   9000/25000 steps  accept=0.646
[  18.9m]   9500/25000 steps  accept=0.646
[  19.6m]   10000/25000 steps  accept=0.646
[  20.3m]   10500/25000 steps  accept=0.646
[  20.9m]   11000/25000 steps  accept=0.646
[  21.6m]   11500/25000 steps  accept=0.646
[  22.3m]   12000/25000 steps  accept=0.646
[  23.0m]   12500/25000 steps  accept=0.646
[  23.7m]   13000/25000 steps  accept=0.647
[  24.5m]   13500/25000 steps  accept=0.647
[  25.2m]   14000/25000 steps  accept=0.647
[  25.9m]   14500/25000 steps  accept=0.647
[  26.6m]   15000/25000 steps  accept=0.646
[  27.3m]   15500/25000 steps  accept=0.647
[  28.1m]   16000/25000 steps  accept=0.646
[  28.9m]   16500/25000 steps  accept=0.646
[  29.6m]   17000/25000 steps  accept=0.646
[  30.4m]   17500/25000 steps  accept=0.646
[  31.2m]   18000/25000 steps  accept=0.647
[  32.0m]   18500/25000 steps  accept=0.646
[  32.7m]   19000/25000 steps  accept=0.647
[  33.6m]   19500/25000 steps  accept=0.647
[  34.4m]   20000/25000 steps  accept=0.647
[  35.2m]   20500/25000 steps  accept=0.647
[  36.0m]   21000/25000 steps  accept=0.647
[  36.8m]   21500/25000 steps  accept=0.647
[  37.6m]   22000/25000 steps  accept=0.647
[  38.5m]   22500/25000 steps  accept=0.647
[  39.4m]   23000/25000 steps  accept=0.647
[  40.3m]   23500/25000 steps  accept=0.647
[  41.2m]   24000/25000 steps  accept=0.647
[  42.1m]   24500/25000 steps  accept=0.647
[  43.0m]   25000/25000 steps  accept=0.647
[  43.3m] 
======================================================================
[  43.3m] ΛCDM BASELINE — RESULTADO
[  43.3m] ======================================================================
[  43.3m]   H₀     = 68.2719 ± 0.2787
[  43.3m]   Ω_m    = 0.30335 ± 0.00427
[  43.3m]   Ω_b·h² = 0.02233
[  43.3m]   ln P_MAP = -7.544
[  43.3m]   τ_max = 39.5    N_eff ≈ 63364
[  43.3m]   acceptance = 0.647
[  43.3m] 
  BIC (k=3, N=16): 23.407
[  43.3m] 
  Para ΔBIC vs SSEE-MIRA: SSEE_BIC = 253.435 (k=2, N=15)
[  43.3m]                           ΛCDM_BIC = 23.407 (k=3, N=16)
[  43.3m]                           ΔBIC = -230.028  (>0 favorece SSEE)
[  43.3m] 
Tiempo total: 43.3 min
[   0.0m] ======================================================================
[   0.0m] ΛCDM BASELINE — MCMC PRODUCCIÓN (para ΔBIC vs SSEE-MIRA)
[   0.0m] ======================================================================
[   0.0m] 
Burn-in 5000 steps...
[   3.8m] Producción...
[   4.1m]   500/25000 steps  accept=0.645
[   4.5m]   1000/25000 steps  accept=0.645
[   4.9m]   1500/25000 steps  accept=0.645
[   5.3m]   2000/25000 steps  accept=0.645
[   5.7m]   2500/25000 steps  accept=0.645
[   6.1m]   3000/25000 steps  accept=0.645
[   6.4m]   3500/25000 steps  accept=0.646
[   6.8m]   4000/25000 steps  accept=0.645
[   7.2m]   4500/25000 steps  accept=0.645
[   7.6m]   5000/25000 steps  accept=0.645
[   8.0m]   5500/25000 steps  accept=0.645
[   8.4m]   6000/25000 steps  accept=0.645
[   8.8m]   6500/25000 steps  accept=0.645
[   9.1m]   7000/25000 steps  accept=0.645
[   9.6m]   7500/25000 steps  accept=0.645
[  10.0m]   8000/25000 steps  accept=0.645
[  10.4m]   8500/25000 steps  accept=0.646
[  10.8m]   9000/25000 steps  accept=0.646
[  11.2m]   9500/25000 steps  accept=0.646
[  11.6m]   10000/25000 steps  accept=0.646
[  12.0m]   10500/25000 steps  accept=0.645
[  12.4m]   11000/25000 steps  accept=0.646
[  12.9m]   11500/25000 steps  accept=0.646
[  13.3m]   12000/25000 steps  accept=0.646
[  13.7m]   12500/25000 steps  accept=0.646
[  14.2m]   13000/25000 steps  accept=0.646
[  14.6m]   13500/25000 steps  accept=0.646
[  15.1m]   14000/25000 steps  accept=0.646
[  15.5m]   14500/25000 steps  accept=0.646
[  16.0m]   15000/25000 steps  accept=0.646
[  16.5m]   15500/25000 steps  accept=0.646
[  17.0m]   16000/25000 steps  accept=0.646
[  17.4m]   16500/25000 steps  accept=0.646
[  17.9m]   17000/25000 steps  accept=0.646
[  18.4m]   17500/25000 steps  accept=0.646
[  18.9m]   18000/25000 steps  accept=0.646
[  19.5m]   18500/25000 steps  accept=0.646
[  20.0m]   19000/25000 steps  accept=0.646
[  20.5m]   19500/25000 steps  accept=0.646
[  21.1m]   20000/25000 steps  accept=0.646
[  21.6m]   20500/25000 steps  accept=0.646
[  22.2m]   21000/25000 steps  accept=0.646
[  22.7m]   21500/25000 steps  accept=0.646
[  23.3m]   22000/25000 steps  accept=0.646
[  23.9m]   22500/25000 steps  accept=0.646
[  24.5m]   23000/25000 steps  accept=0.646
[  25.1m]   23500/25000 steps  accept=0.646
[  25.7m]   24000/25000 steps  accept=0.646
[  26.4m]   24500/25000 steps  accept=0.646
[  27.0m]   25000/25000 steps  accept=0.646
[  27.3m] 
======================================================================
[  27.3m] ΛCDM BASELINE — RESULTADO
[  27.3m] ======================================================================
[  27.3m]   H₀     = 68.2712 ± 0.2787
[  27.3m]   Ω_m    = 0.30334 ± 0.00427
[  27.3m]   Ω_b·h² = 0.02233
[  27.3m]   ln P_MAP = -7.544
[  27.3m]   τ_max = 39.1    N_eff ≈ 63971
[  27.3m]   acceptance = 0.646
[  27.3m] 
  BIC (k=3, N=16): 23.407
[  27.3m] 
  Para ΔBIC vs SSEE-MIRA: SSEE_BIC = 253.435 (k=2, N=15)
[  27.3m]                           ΛCDM_BIC = 23.407 (k=3, N=16)
[  27.3m]                           ΔBIC = -230.028  (>0 favorece SSEE)
[  27.3m] 
Tiempo total: 27.3 min
[   0.0m] ======================================================================
[   0.0m] ΛCDM BASELINE — MCMC PRODUCCIÓN (para ΔBIC vs SSEE-MIRA)
[   0.0m] ======================================================================
[   0.0m] 
Burn-in 5000 steps...
[   6.5m] Producción...
[   7.2m]   500/25000 steps  accept=0.645
[   7.8m]   1000/25000 steps  accept=0.645
[   8.5m]   1500/25000 steps  accept=0.646
[   9.1m]   2000/25000 steps  accept=0.646
[   9.8m]   2500/25000 steps  accept=0.647
[  10.4m]   3000/25000 steps  accept=0.646
[  11.1m]   3500/25000 steps  accept=0.646
[  11.7m]   4000/25000 steps  accept=0.646
[  12.4m]   4500/25000 steps  accept=0.647
[  13.0m]   5000/25000 steps  accept=0.646
[  13.7m]   5500/25000 steps  accept=0.646
[  14.3m]   6000/25000 steps  accept=0.646
[  15.0m]   6500/25000 steps  accept=0.646
[  15.7m]   7000/25000 steps  accept=0.646
[  16.3m]   7500/25000 steps  accept=0.646
[  17.0m]   8000/25000 steps  accept=0.646
[  17.7m]   8500/25000 steps  accept=0.646
[  18.4m]   9000/25000 steps  accept=0.647
[  19.1m]   9500/25000 steps  accept=0.646
[  19.7m]   10000/25000 steps  accept=0.647
[  20.4m]   10500/25000 steps  accept=0.646
[  21.1m]   11000/25000 steps  accept=0.646
[  21.8m]   11500/25000 steps  accept=0.646
[  22.5m]   12000/25000 steps  accept=0.646
[  23.0m]   12500/25000 steps  accept=0.646
[  23.7m]   13000/25000 steps  accept=0.646
[  24.4m]   13500/25000 steps  accept=0.646
[  25.1m]   14000/25000 steps  accept=0.646
[  25.9m]   14500/25000 steps  accept=0.646
[  26.6m]   15000/25000 steps  accept=0.646
[  27.3m]   15500/25000 steps  accept=0.646
[  28.1m]   16000/25000 steps  accept=0.646
[  28.8m]   16500/25000 steps  accept=0.646
[  29.6m]   17000/25000 steps  accept=0.646
[  30.4m]   17500/25000 steps  accept=0.646
[  31.2m]   18000/25000 steps  accept=0.646
[  32.0m]   18500/25000 steps  accept=0.646
[  32.8m]   19000/25000 steps  accept=0.646
[  33.6m]   19500/25000 steps  accept=0.646
[  34.2m]   20000/25000 steps  accept=0.646
[  35.0m]   20500/25000 steps  accept=0.646
[  35.8m]   21000/25000 steps  accept=0.646
[  36.5m]   21500/25000 steps  accept=0.646
[  37.3m]   22000/25000 steps  accept=0.646
[  38.2m]   22500/25000 steps  accept=0.646
[  39.2m]   23000/25000 steps  accept=0.646
[  40.1m]   23500/25000 steps  accept=0.646
[  41.0m]   24000/25000 steps  accept=0.646
[  42.0m]   24500/25000 steps  accept=0.646
[  42.9m]   25000/25000 steps  accept=0.646
[  43.2m] 
======================================================================
[  43.2m] ΛCDM BASELINE — RESULTADO
[  43.2m] ======================================================================
[  43.2m]   H₀     = 68.3867 ± 0.2772
[  43.2m]   Ω_m    = 0.30213 ± 0.00426
[  43.2m]   Ω_b·h² = 0.02232
[  43.2m]   ln P_MAP = -8.001
[  43.2m]   τ_max = 38.8    N_eff ≈ 64447
[  43.2m]   acceptance = 0.646
[  43.2m] 
  BIC (k=3, N=16): 24.320
[  43.2m] 
  Para ΔBIC vs SSEE-MIRA: SSEE_BIC = 253.435 (k=2, N=15)
[  43.2m]                           ΛCDM_BIC = 24.320 (k=3, N=16)
[  43.2m]                           ΔBIC = -229.115  (>0 favorece SSEE)
[  43.2m] 
Tiempo total: 43.2 min
[   0.0m] ======================================================================
[   0.0m] ΛCDM BASELINE — MCMC PRODUCCIÓN (para ΔBIC vs SSEE-MIRA)
[   0.0m] ======================================================================
[   0.0m] 
Burn-in 5000 steps...
[   6.3m] Producción...
[   7.0m]   500/25000 steps  accept=0.644
[   7.6m]   1000/25000 steps  accept=0.645
[   8.2m]   1500/25000 steps  accept=0.644
[   8.9m]   2000/25000 steps  accept=0.644
[   9.5m]   2500/25000 steps  accept=0.644
[  10.1m]   3000/25000 steps  accept=0.645
[  10.8m]   3500/25000 steps  accept=0.645
[  11.4m]   4000/25000 steps  accept=0.645
[  12.0m]   4500/25000 steps  accept=0.645
[  12.7m]   5000/25000 steps  accept=0.646
[  13.3m]   5500/25000 steps  accept=0.646
[  14.0m]   6000/25000 steps  accept=0.646
[  14.6m]   6500/25000 steps  accept=0.646
[  15.3m]   7000/25000 steps  accept=0.646
[  15.9m]   7500/25000 steps  accept=0.647
[  16.6m]   8000/25000 steps  accept=0.647
[  17.3m]   8500/25000 steps  accept=0.646
[  17.9m]   9000/25000 steps  accept=0.646
[  18.6m]   9500/25000 steps  accept=0.647
[  19.3m]   10000/25000 steps  accept=0.646
[  19.9m]   10500/25000 steps  accept=0.647
[  20.6m]   11000/25000 steps  accept=0.646
[  21.3m]   11500/25000 steps  accept=0.647
[  22.0m]   12000/25000 steps  accept=0.647
[  22.7m]   12500/25000 steps  accept=0.647
[  23.4m]   13000/25000 steps  accept=0.647
[  24.2m]   13500/25000 steps  accept=0.647
[  24.9m]   14000/25000 steps  accept=0.647
[  25.6m]   14500/25000 steps  accept=0.647
[  26.3m]   15000/25000 steps  accept=0.647
[  27.1m]   15500/25000 steps  accept=0.647
[  27.8m]   16000/25000 steps  accept=0.647
[  28.6m]   16500/25000 steps  accept=0.647
[  29.4m]   17000/25000 steps  accept=0.647
[  30.2m]   17500/25000 steps  accept=0.647
[  31.0m]   18000/25000 steps  accept=0.647
[  31.8m]   18500/25000 steps  accept=0.647
[  32.6m]   19000/25000 steps  accept=0.647
[  33.4m]   19500/25000 steps  accept=0.647
[  34.2m]   20000/25000 steps  accept=0.647
[  35.0m]   20500/25000 steps  accept=0.647
[  35.9m]   21000/25000 steps  accept=0.647
[  36.8m]   21500/25000 steps  accept=0.647
[  37.5m]   22000/25000 steps  accept=0.647
[  38.4m]   22500/25000 steps  accept=0.647
[  39.2m]   23000/25000 steps  accept=0.647
[  39.8m]   23500/25000 steps  accept=0.647
[  40.5m]   24000/25000 steps  accept=0.647
[  41.2m]   24500/25000 steps  accept=0.647
[  41.9m]   25000/25000 steps  accept=0.647
[  42.3m] 
======================================================================
[  42.3m] ΛCDM BASELINE — RESULTADO
[  42.3m] ======================================================================
[  42.3m]   H₀     = 68.3873 ± 0.2779
[  42.3m]   Ω_m    = 0.30220 ± 0.00425
[  42.3m]   Ω_b·h² = 0.02233
[  42.3m]   ln P_MAP = -8.001
[  42.3m]   τ_max = 38.7    N_eff ≈ 64674
[  42.3m]   acceptance = 0.647
[  42.3m] 
  BIC (k=3, N=16): 24.320
[  42.3m] 
  Para ΔBIC vs SSEE (mcmc_paper2_reframe.json): SSEE_BIC = 16.494 (k=2, N=15)
[  42.3m]                           ΛCDM_BIC = 24.320 (k=3, N=16)
[  42.3m]                           ΔBIC = +7.827  (>0 favorece SSEE; N distinto, orientativo)
[  42.3m] 
Tiempo total: 42.3 min
