factor pi/phi      = 1.94161 -> Om = 0.31066
factor phi+0.1*pi  = 1.93219 -> Om = 0.30915

  Om_cmb     omch2   omega_m       chi2
----------------------------------------
[camb] `camb` module loaded successfully from /home/mike/Proyectos/SSEE/eftcamb_ssee/camb
[planck_2018_highl_plik.ttteee_lite] `clipy` module loaded successfully from /home/mike/cobaya_packages/code/planck/clipy/clipy
----
clipy_0.15
Checking likelihood '/home/mike/cobaya_packages/data/planck_2018/baseline/plc_3.0/hi_l/plik_lite/plik_lite_v22_TTTEEE.clik' on test data. got -292.286 expected -292.286 (diff -3.86245e-09)
----
before crop : TT 30 -> 2508, TE 30 -> 1996, EE 30 -> 1996
after crop  : TT 30 -> 2508, TE 30 -> 1996, EE 30 -> 1996
 0.30000   0.11615   0.13857   1254.012
[camb] `camb` module loaded successfully from /home/mike/Proyectos/SSEE/eftcamb_ssee/camb
[planck_2018_highl_plik.ttteee_lite] `clipy` module loaded successfully from /home/mike/cobaya_packages/code/planck/clipy/clipy
----
clipy_0.15
Checking likelihood '/home/mike/cobaya_packages/data/planck_2018/baseline/plc_3.0/hi_l/plik_lite/plik_lite_v22_TTTEEE.clik' on test data. got -292.286 expected -292.286 (diff -3.86245e-09)
----
before crop : TT 30 -> 2508, TE 30 -> 1996, EE 30 -> 1996
after crop  : TT 30 -> 2508, TE 30 -> 1996, EE 30 -> 1996
 0.30500   0.11846   0.14088   1028.769
[camb] `camb` module loaded successfully from /home/mike/Proyectos/SSEE/eftcamb_ssee/camb
[planck_2018_highl_plik.ttteee_lite] `clipy` module loaded successfully from /home/mike/cobaya_packages/code/planck/clipy/clipy
----
clipy_0.15
Checking likelihood '/home/mike/cobaya_packages/data/planck_2018/baseline/plc_3.0/hi_l/plik_lite/plik_lite_v22_TTTEEE.clik' on test data. got -292.286 expected -292.286 (diff -3.86245e-09)
----
before crop : TT 30 -> 2508, TE 30 -> 1996, EE 30 -> 1996
after crop  : TT 30 -> 2508, TE 30 -> 1996, EE 30 -> 1996
 0.30700   0.11938   0.14180   1005.732
[camb] `camb` module loaded successfully from /home/mike/Proyectos/SSEE/eftcamb_ssee/camb
[planck_2018_highl_plik.ttteee_lite] `clipy` module loaded successfully from /home/mike/cobaya_packages/code/planck/clipy/clipy
----
clipy_0.15
Checking likelihood '/home/mike/cobaya_packages/data/planck_2018/baseline/plc_3.0/hi_l/plik_lite/plik_lite_v22_TTTEEE.clik' on test data. got -292.286 expected -292.286 (diff -3.86245e-09)
----
before crop : TT 30 -> 2508, TE 30 -> 1996, EE 30 -> 1996
after crop  : TT 30 -> 2508, TE 30 -> 1996, EE 30 -> 1996
 0.30915   0.12037   0.14279   1020.999 <- phi+0.1pi
[camb] `camb` module loaded successfully from /home/mike/Proyectos/SSEE/eftcamb_ssee/camb
[planck_2018_highl_plik.ttteee_lite] `clipy` module loaded successfully from /home/mike/cobaya_packages/code/planck/clipy/clipy
----
clipy_0.15
Checking likelihood '/home/mike/cobaya_packages/data/planck_2018/baseline/plc_3.0/hi_l/plik_lite/plik_lite_v22_TTTEEE.clik' on test data. got -292.286 expected -292.286 (diff -3.86245e-09)
----
before crop : TT 30 -> 2508, TE 30 -> 1996, EE 30 -> 1996
after crop  : TT 30 -> 2508, TE 30 -> 1996, EE 30 -> 1996
 0.31076   0.12112   0.14353   1058.473 <- pi/phi (actual)
[camb] `camb` module loaded successfully from /home/mike/Proyectos/SSEE/eftcamb_ssee/camb
[planck_2018_highl_plik.ttteee_lite] `clipy` module loaded successfully from /home/mike/cobaya_packages/code/planck/clipy/clipy
----
clipy_0.15
Checking likelihood '/home/mike/cobaya_packages/data/planck_2018/baseline/plc_3.0/hi_l/plik_lite/plik_lite_v22_TTTEEE.clik' on test data. got -292.286 expected -292.286 (diff -3.86245e-09)
----
before crop : TT 30 -> 2508, TE 30 -> 1996, EE 30 -> 1996
after crop  : TT 30 -> 2508, TE 30 -> 1996, EE 30 -> 1996
 0.31300   0.12215   0.14457   1146.556
[camb] `camb` module loaded successfully from /home/mike/Proyectos/SSEE/eftcamb_ssee/camb
[planck_2018_highl_plik.ttteee_lite] `clipy` module loaded successfully from /home/mike/cobaya_packages/code/planck/clipy/clipy
----
clipy_0.15
Checking likelihood '/home/mike/cobaya_packages/data/planck_2018/baseline/plc_3.0/hi_l/plik_lite/plik_lite_v22_TTTEEE.clik' on test data. got -292.286 expected -292.286 (diff -3.86245e-09)
----
before crop : TT 30 -> 2508, TE 30 -> 1996, EE 30 -> 1996
after crop  : TT 30 -> 2508, TE 30 -> 1996, EE 30 -> 1996
 0.31600   0.12354   0.14596   1326.258
[camb] `camb` module loaded successfully from /home/mike/Proyectos/SSEE/eftcamb_ssee/camb
[planck_2018_highl_plik.ttteee_lite] `clipy` module loaded successfully from /home/mike/cobaya_packages/code/planck/clipy/clipy
----
clipy_0.15
Checking likelihood '/home/mike/cobaya_packages/data/planck_2018/baseline/plc_3.0/hi_l/plik_lite/plik_lite_v22_TTTEEE.clik' on test data. got -292.286 expected -292.286 (diff -3.86245e-09)
----
before crop : TT 30 -> 2508, TE 30 -> 1996, EE 30 -> 1996
after crop  : TT 30 -> 2508, TE 30 -> 1996, EE 30 -> 1996
 0.32000   0.12539   0.14780   1668.826

MIN CMB en Om = 0.30700  (chi2 = 1005.732)
LCDM ref = 1003.76
