# ACTA-PROCEDENCIA {"commit": "81382ed15b66abb74866e042957ed1f1c221a564", "reproducible_desde_commit": true, "cambios_sin_commitear": [], "script": "src/p05_IS/ssee_paper5_IS_perturbations.py", "script_sha256": "26b676cbb624a136f8b422acd89670aa1829bccbbd941a6143014b67beb2db35", "nucleo_sha256": "5cec8af72d88f154116c5a532e42a9b6ff7a5b4c3d86bcc6921eabb246698993", "entradas": {}, "argv": ["src/p05_IS/ssee_paper5_IS_perturbations.py"], "fecha": "2026-09-30T18:15:41", "host": "mike-System-Product-Name", "python": "3.12.3", "versiones": {"numpy": "2.4.4", "scipy": "1.17.1"}, "nucleos": {"OMP_NUM_THREADS": "1", "MKL_NUM_THREADS": null, "OPENBLAS_NUM_THREADS": null, "OMPI_COMM_WORLD_SIZE": null}}
====================================================================
SSEE  Paper 5 — Israel-Stewart Causal Perturbative Analysis
====================================================================

  φ               = 1.61803399
  KAL₀            = 5.52140597
  w₀              = -0.83994977
  wₐ              = -0.66997489
  s_M  (saturación, sin H) = 0.16005023
  s_DE (saturación, sin H) = 0.83994977
  Ω_m  (densidad, con H)   = 0.30888084
  Ω_DE (densidad, con H)   = 0.69111916
  MIRA (algebraic)= 1.99892365
  τ_Π H₀         = KAL₀/(3|w₀|) = 2.19116514
  c²_s (bare)     = -0.83994977  ← gradient instability
  ζ̃ = KAL₀/3     = 1.84046866

────────────────────────────────────────────────────────────────────
Q1 — IS STABILITY ANALYSIS (analytic)
────────────────────────────────────────────────────────────────────

  IS correction  ζ̃/τ_Π H₀ = 0.83994977
  Expected value |w₀|      = 0.83994977
  Difference               = 0.00e+00  (round-off)

  c²_s,eff (k→∞)  = -0.839950 + 0.839950 = 0.00e+00

  *** c2_s,eff = 0  —  RESULTADO (OP-22 cerrado 2026-09-06) ***
  zeta~ esta normalizada a la ENTALPIA rho+p, no a rho_crit ni rho_DE.
  Decisivo: con w->-1, rho+p->0 y una constante cosmologica no tiene
  grados de libertad de fluido => su presion viscosa DEBE anularse.
  Pi propto (rho+p) lo da solo; Pi propto rho_DE no.
  Testigos internos: apendice de dispersion (zeta/[tau(rho+p)]) y
  apendice de autovalores (F=186 -> entalpia 185.05, rho_crit 1370).
  Retirado: la derivacion de tau_Pi por saturacion de causalidad
  en el apendice EFT de Paper 1 (usaba rho en vez de rho+p).
  Queda OP-22b: modo fluido vs modo campo, aun afirmado sin derivar.

  k_crit/H₀ = 1/(τ_Π H₀) = 0.4564  (IS transition, x=1)
  [naive NS 1/(τ_Π H₀|c_s|) = 0.4980 — not the IS value]
  k_crit    = 1.0346e-04 Mpc⁻¹
  λ_crit    = 60730.7 Mpc
  → k_crit < H₀/c: ALL subhorizon modes (k > aH) are IS-stabilized.
    There is no observable gradient instability in SSEE.

────────────────────────────────────────────────────────────────────
IS effective sound speed at z=0 (full k-dependence):
    k [H₀/c]   c²_s,eff    regime
       0.001   -0.839946   NS limit
       0.010   -0.839547   NS limit
       0.100   -0.801470   NS limit
       0.500   -0.381743   transition
       1.000   -0.144789   transition
       2.000   -0.041572   IS limit
       5.000   -0.006940   IS limit
      10.000   -0.001746   IS limit
     100.000   -0.000017   IS limit

────────────────────────────────────────────────────────────────────
Background cosmology (H/H₀ across redshift):
  z=  99.0  a=0.01  H/H₀=555.7925  τ_Π H = 1217.833
  z=   9.0  a=0.10  H/H₀=17.5786  τ_Π H = 38.518
  z=   4.0  a=0.20  H/H₀=6.2373  τ_Π H = 13.667
  z=   1.0  a=0.50  H/H₀=1.7677  τ_Π H = 3.873
  z=   0.2  a=0.80  H/H₀=1.1565  τ_Π H = 2.534
  z=   0.0  a=1.00  H/H₀=1.0000  τ_Π H = 2.191

────────────────────────────────────────────────────────────────────
Q2 — MIRA TEST: DE perturbation growth vs matter
────────────────────────────────────────────────────────────────────
  MIRA (algebraic) = 1.998924  →  Ω_m,CMB = 0.308881
  Required δ_DE/δ_m at z=0 for MIRA: r* = (MIRA-1)×Ω_m/Ω_DE = 0.4464

    k [H₀/c]      δ_m(z=0)     δ_DE(z=0)    r=δ_DE/δ_m     Ω_m,eff    MIRA_num  status
        2.00        0.2105     -8.639812    -41.047052    -28.0595    -90.8425  ✗ IS-suppressed
        3.00        0.1537     -1.788184    -11.634727     -7.7321    -25.0326  ✗ IS-suppressed
        5.00        0.1711     -0.151599     -0.886122     -0.3035     -0.9827  ✗ IS-suppressed
       10.00        0.2918     -0.005115     -0.017530      0.2968      0.9608  ✗ IS-suppressed
       20.00        0.5426     -0.000392     -0.000723      0.3084      0.9984  ✗ IS-suppressed
       50.00        1.2958     -0.000098     -0.000076      0.3088      0.9998  ✗ IS-suppressed
      100.00        2.5510     -0.000048     -0.000019      0.3089      1.0000  ✗ IS-suppressed

════════════════════════════════════════════════════════════════════
SUMMARY
════════════════════════════════════════════════════════════════════

  Q1 — Gradient stability:
    c²_s,bare = -0.839950 (k-essence, unstable)
    c²_s,eff  = 0.00e+00 (IS high-k limit, marginal)
    Identity: ζ̃/τ_Π = KAL₀/3 ÷ KAL₀/(3Ω_DE) = Ω_DE = |w₀|  ✓
    ALL subhorizon modes stabilized (k_crit = 0.456 H₀/c < H₀/c)
    -> log: /home/mike/Proyectos/SSEE/results/logs/p5_IS_perturbations_Q2.json

  Q2 — MIRA ratio (k ≥ 10 H₀/c, well inside IS + sub-horizon):
    MIRA_numeric = 0.989737 ± 0.016731
    MIRA_algebraic = 1.998924
    Discrepancy = 1.009186  (50.5%)
    δ_DE/δ_m → 0 for large k: IS SUPPRESSES DE clustering
    ✗  MIRA NOT reproduced by linear IS perturbations
       Linear IS → Ω_m,eff ≈ Ω_m,dyn (no DE clustering)
       MIRA is a background-level IS effect, not perturbative

────────────────────────────────────────────────────────────────────
Q3 — LINEAR GROWTH FACTOR, γ_IS, σ₈, S₈
────────────────────────────────────────────────────────────────────

  Growth suppression:   G = D₁^SSEE / D₁^ΛCDM = 1.0032

  Growth index fit (z = 0..2):
    γ_IS   = 0.5504 ± 0.0003
    γ_ΛCDM = 0.5516  (expected 0.55)

  Growth-rate table  z | Ω_m^SSEE(a) | f_SSEE | f_ΛCDM | Δf/f
    z=1.0  Om=0.7897  f_S=0.8799  f_L=0.8763  Δf/f=+0.4%
    z=0.5  Om=0.5877  f_S=0.7481  f_L=0.7602  Δf/f=-1.6%
    z=0.0  Om=0.3089  f_S=0.5207  f_L=0.5274  Δf/f=-1.3%

  σ₈  (Planck 2018 ΛCDM)  = 0.8110 ± 0.0060
  σ₈  (SSEE IS)           = 0.8136 ± 0.0060

  Ω_m,CMB (ω_m-direct)    = 0.308881
  S₈  (ΛCDM)              = 0.8314
  S₈  (SSEE IS)           = 0.8256 ± 0.0061
  S₈  (DES-Y3)            = 0.776 ± 0.017
  S₈  (KiDS-1000)         = 0.759 ± 0.024

  S₈ tension  SSEE vs DES-Y3  = 2.74σ
  S₈ tension  SSEE vs KiDS    = 2.69σ
  S₈ tension  ΛCDM vs DES-Y3  = 3.26σ
  S₈ tension  ΛCDM vs KiDS    = 3.02σ

  fσ₈(z=0.5):  SSEE = 0.4714
               ΛCDM = 0.4748
    -> log: /home/mike/Proyectos/SSEE/results/logs/p5_IS_perturbations_Q3.json

  fσ₈ tensions vs RSD surveys:
  Survey                  z      obs      SSEE     t_S    ΛCDM     t_L  
  6dFGRS                  0.067  0.423±0.055  0.436    0.2σ   0.444    0.4σ
  SDSS MGS                0.150  0.490±0.145  0.449    0.3σ   0.459    0.2σ
  BOSS DR12 z=0.38        0.380  0.497±0.045  0.470    0.6σ   0.476    0.5σ
  BOSS DR12 z=0.51        0.510  0.458±0.038  0.471    0.3σ   0.474    0.4σ
  BOSS DR12 z=0.61        0.610  0.436±0.034  0.468    1.0σ   0.469    1.0σ
  eBOSS DR16              1.480  0.462±0.045  0.383    1.7σ   0.376    1.9σ

  Mean tension SSEE: 0.70σ
  Mean tension ΛCDM: 0.73σ

  Figure saved: /home/mike/Proyectos/SSEE/src/p05_IS/../../results/figures/fig_paper5_IS_stability.pdf
  Figure saved: /home/mike/Proyectos/SSEE/src/p05_IS/../../results/figures/fig_paper5_MIRA_test.pdf

  Figure saved: /home/mike/Proyectos/SSEE/src/p05_IS/../../results/figures/fig_paper5_growth_rate.pdf
  Figure saved: /home/mike/Proyectos/SSEE/src/p05_IS/../../results/figures/fig_paper5_S8_comparison.pdf
  Figure saved: /home/mike/Proyectos/SSEE/src/p05_IS/../../results/figures/fig_paper5_fsigma8_comparison.pdf

════════════════════════════════════════════════════════════════════
FINAL SUMMARY  (Q1 + Q2 + Q3)
════════════════════════════════════════════════════════════════════

  Q1  c²_s,eff = 0.00e+00  (exact marginal stability, algebraic identity)
      k_crit   = 0.4564 H₀/c  < H₀/c  → all sub-horizon modes stable

  Q2  MIRA_num (k≥10) = 0.9897  [algebraic = 1.9989]
      Linear IS suppresses DE clustering → MIRA is background effect ✓

  Q3  G = D₁^SSEE/D₁^ΛCDM = 1.0032
      γ_IS  = 0.5504 ± 0.0003
      σ₈^SSEE = 0.8136 ± 0.0060
      S₈^SSEE = 0.8256 ± 0.0061
      S₈ tension vs DES-Y3  = 2.74σ
      S₈ tension vs KiDS    = 2.69σ
      fσ₈(z=0.5) SSEE = 0.4714  ΛCDM = 0.4748

════════════════════════════════════════════════════════════════════
Paper 5 IS analysis complete.
════════════════════════════════════════════════════════════════════
