preflight  [1/3] __pycache__ borrados: 410
preflight  [2/3] núcleo(fuente) == CANONICAL_VALUES en 6 constantes
preflight  [3/3] ingredientes de esta corrida:
             SUM_MNU_EV       = 0.068490000
             OMEGA_B_H2       = 0.022417757
             OMEGA_C_H2       = 0.119514408
             OMEGA_NU_H2      = 0.000735345
             OMEGA_M_H2       = 0.142667510
             OMEGA_M_TOTAL    = 0.308880841
             W0               = -0.839949771
             WA               = -0.669974886
             H0_ALG           = 67.962137323
preflight  OK — luz verde para el cómputo
# ACTA-PROCEDENCIA {"commit": "4fe98f2acce088de36e75cbcb6a3e80e2096a7c1", "reproducible_desde_commit": true, "cambios_sin_commitear": [], "script": "src/p03_cmb/ssee_paper3_cmb.py", "script_sha256": "9d30d21b2e410e934ef25c3ce5f6d20ec676ed3a644c102c0d04904fc7c9b86b", "nucleo_sha256": "5cec8af72d88f154116c5a532e42a9b6ff7a5b4c3d86bcc6921eabb246698993", "entradas": {}, "argv": ["src/p03_cmb/ssee_paper3_cmb.py"], "fecha": "2026-10-02T20:11:13", "host": "mike-System-Product-Name", "python": "3.12.3", "versiones": {"numpy": "2.4.4"}, "nucleos": {"OMP_NUM_THREADS": "1", "MKL_NUM_THREADS": "1", "OPENBLAS_NUM_THREADS": "1", "OMPI_COMM_WORLD_SIZE": null}}
============================================================
SSEE — Paper 3: CMB vs Planck 2018 (TT+TE+EE+lensing)
============================================================

Parámetros SSEE:
  w0=-0.8399  wa=-0.6700
  Ω_m,dyn=0.1601  Ω_DE=0.8399  (sector dinámico: BAO/cúmulos)
  MIRA=1.998924  (AURA/2 — Frecuencia de Observación, Genesis 5.12)
  Ω_m,CMB=0.308881  (sector observacional: CMB, Planck: 0.3153)
  M_SSEE=|w0|=0.8399
  KAL0=5.5214

Datos Planck 2018 TT: 2507 puntos, ℓ=2–2508
Datos Planck 2018 TE: 1995 puntos
Datos Planck 2018 EE: 1995 puntos
Datos Planck 2018 lensing: 14 puntos

Calculando espectros SSEE con CAMB (TT+TE+EE+lensing)...
  r_d,SSEE (CAMB)   = 147.17 Mpc  (Planck: ~147.1 Mpc)
  z_drag            = 1060.03
  100θ_MC           = 1.0413944913907913

Calculando espectros ΛCDM con CAMB...
  r_d,ΛCDM = 147.10 Mpc

--- χ² vs Planck 2018 ---
  TT:  SSEE χ²_r=1.042 (χ²=2054.5)  |  ΛCDM χ²_r=1.043 (χ²=2054.9)  (N=1971)
  TE:  SSEE χ²_r=1.040 (χ²=2045.6)  |  ΛCDM χ²_r=1.040 (χ²=2045.7)  (N=1967)
  EE:  SSEE χ²_r=1.040 (χ²=2044.9)  |  ΛCDM χ²_r=1.039 (χ²=2044.4)  (N=1967)
  PP:  SSEE χ²_r=0.720 (χ²=6.5)  |  ΛCDM χ²_r=0.757 (χ²=6.8)  (N=9)

  COMBINADO:  SSEE χ²_r=1.040  |  ΛCDM χ²_r=1.040  (N_total=5914)
  ΔBIC(SSEE−ΛCDM) = -35.0  (negativo = SSEE favorecido)

Caso naive (Omega_m = s_m en la geometria)...
  naive: chi2_TT=171505.9 chi2_r=87.01 (N=1971)  picos {'ssee': [220, 536, 813], 'lcdm': [220, 536, 813], 'naive': [240, 596, 921]}

Posición de picos TT SSEE (primeros 3):
  Pico 1: ℓ=220  Dℓ=5746.4 μK²
  Pico 2: ℓ=536  Dℓ=2597.5 μK²
  Pico 3: ℓ=813  Dℓ=2542.4 μK²

Generando figuras...
  Figura guardada: /home/mike/Proyectos/SSEE/src/p03_cmb/../../results/figures/fig_cmb_spectrum.pdf
  Figura guardada: /home/mike/Proyectos/SSEE/src/p03_cmb/../../results/figures/fig_cmb_te.pdf
  Figura guardada: /home/mike/Proyectos/SSEE/src/p03_cmb/../../results/figures/fig_cmb_ee.pdf
  Figura guardada: /home/mike/Proyectos/SSEE/src/p03_cmb/../../results/figures/fig_cmb_lensing.pdf
  Figura guardada: /home/mike/Proyectos/SSEE/src/p03_cmb/../../results/figures/fig_cmb_peaks_zoom.pdf

✓ Listo. TT + TE + EE + lensing completados.
