# ACTA-PROCEDENCIA {"commit": "9bf54096fe6f8c94a9d8e7febadd43878227744e", "reproducible_desde_commit": true, "cambios_sin_commitear": [], "script": "src/estadistica/ssee_phase_d_savage_cv.py", "script_sha256": "bff3b98f3b1b506495bd145d7c515cd204e250ef965d58c392a8cbb1eae10bed", "nucleo_sha256": "5cec8af72d88f154116c5a532e42a9b6ff7a5b4c3d86bcc6921eabb246698993", "entradas": {}, "argv": ["src/estadistica/ssee_phase_d_savage_cv.py"], "fecha": "2026-10-01T21:12:12", "host": "mike-System-Product-Name", "python": "3.12.3", "versiones": {"numpy": "2.4.4", "scipy": "1.17.1"}, "nucleos": {"OMP_NUM_THREADS": "1", "MKL_NUM_THREADS": null, "OPENBLAS_NUM_THREADS": null, "OMPI_COMM_WORLD_SIZE": null}}
============================================================
PARTE 1: SAVAGE-DICKEY DENSITY RATIO
============================================================
  Muestras CPL: 2,500,000
  Rango w0: [-1.171, -0.430]
  Rango wa: [-2.190, 0.786]

  Factor truncación prior w0: 0.997300 (Gauss untruncada: 0.997300)
  Factor truncación prior wa: 0.975900

  Prior density en (w0=-0.84, wa=-0.67):
    π(w0)  = 0.760113
    π(wa)  = 0.326608
    π(w0,wa) = 0.248259
    N-sigmas w0 del centro prior: 0.320σ
    N-sigmas wa del centro prior: 0.670σ

  Ajustando KDE 2D con 500,000 muestras...
  Densidad posterior en (w0=-0.84, wa=-0.67):
    p(w0,wa | data, CPL) = 2.574011

  ─────────────────────────────────────────────────────
  SAVAGE-DICKEY: B(SSEE_dyn vs CPL_dyn) = 10.3682
  ln B = 2.3387
  → SSEE preferido sobre CPL en sector dinámico
  → Evidencia SUSTANCIAL (Jeffreys: |ln B|>1.1)
  → Evidencia FUERTE (Jeffreys: |ln B|>2.3)

  Verificación: fracción CPL posterior dentro de 1σ DESI del punto SSEE:
    |w0 - -0.84| < 0.057 AND |wa - -0.67| < 0.226
    Fracción = 31.21%
    (Esperado para distribución concentrada: ~10-20%)

  Resumen CPL posterior (w0, wa):
    w0 = -0.820 ± 0.079  (SSEE: -0.84  — 0.26σ)
    wa = -0.551 ± 0.311  (SSEE: -0.67  — 0.38σ)

============================================================
PARTE 2: CROSS-VALIDATION PREDICTIVA (LOO-z)
============================================================
  Split: 7 puntos train (z < 1.0),  6 puntos test (z ≥ 1.0)
  Train: z = [0.295 0.51  0.51  0.706 0.706 0.934 0.934]
  Test:  z = [1.321 1.321 1.484 1.484 2.33  2.33 ]

  [SSEE] k=1
    Params MAP (train): H0=68.0389
    χ²/(N_train=7) train:  1.4049
    ln L test:             -0.7846
    χ²/(N_test=6)  test:   0.2615

  [LCDM] k=2
    Params MAP (train): H0=69.1983  Om=0.3085
    χ²/(N_train=7) train:  1.2613
    ln L test:             -2.1343
    χ²/(N_test=6)  test:   0.7114

  [CPL] k=4
    Params MAP (train): H0=50.0000  Om=0.1668  w0=-0.4170  wa=-0.4334
    χ²/(N_train=7) train:  0.5826
    ln L test:             -191.1469
    χ²/(N_test=6)  test:   63.7156

  ─────────────────────────────────────────────────────
  RESUMEN CROSS-VALIDATION:
  Modelo     k   χ²_r train    ln L test    χ²_r test
  ──────── ─── ──────────── ──────────── ────────────
  SSEE       1       1.4049      -0.7846       0.2615
  LCDM       2       1.2613      -2.1343       0.7114
  CPL        4       0.5826    -191.1469      63.7156

  Δ ln L_test (SSEE − ΛCDM) = +1.3497  (SSEE mejor en test)
  Δ ln L_test (SSEE − CPL)  = +190.3623  (SSEE mejor en test)

  Interpretación: SSEE usa k=1 free param (solo H0).
  Si Δ ln L_test(SSEE−ΛCDM) ≥ 0 → SSEE no overfittea DESI.

============================================================
PARTE 3: RESUMEN PARA PAPER 2 — APÉNDICE B
============================================================

Savage-Dickey Density Ratio (sector dinámico):
  B(SSEE_dyn vs CPL_dyn) = 10.368
  ln B = 2.339
  → CPL posterior en (w0=-0.840, wa=-0.670): 2.574011
  → Prior CPL en ese punto:                  0.248259

Interpretación SDDR:
  B > 1: datos favorecen el punto SSEE dentro de CPL
  (Jeffreys: evidencia sustancial si |ln B| > 1.1)

Cross-validation predictiva LOO-z (z_test ≥ 1.0):
  SSEE  k=1: χ²_r test = 0.2615,  ln L_test = -0.7846
  ΛCDM  k=2: χ²_r test = 0.7114,  ln L_test = -2.1343
  CPL   k=4: χ²_r test = 63.7156,  ln L_test = -191.1469

  Δ ln L_test (SSEE − ΛCDM) = +1.3497
  Δ ln L_test (SSEE − CPL)  = +190.3623

────────────────────────────────────────────────────────────
BLOQUE LaTeX PARA APÉNDICE B:
────────────────────────────────────────────────────────────

\subsection*{B.1 Savage--Dickey density ratio}

For nested models, the Bayes factor for the dynamic sector is given
exactly by the Savage--Dickey density ratio~\cite{Verdinelli1995}:
\begin{equation}
  B_{\rm SSEE/CPL} = \frac{p(w_0^{\rm S},w_a^{\rm S}\,|\,\mathrm{data,CPL})}
  {\pi(w_0^{\rm S},w_a^{\rm S}\,|\,\mathrm{CPL})} = 10.37
  \quad (\ln B = +2.34).
\end{equation}
The CPL posterior is evaluated at the algebraic SSEE point
$(w_0,w_a)=(-0.84,-0.67)$ using a Scott-bandwidth
Gaussian KDE of the CPL chains ($N=500\,000$ thinned samples).
The prior is the truncated Gaussian
$\mathcal{N}(-1,0.5^2)\times\mathcal{N}(0,1^2)$ clipped to the
sampling box used in the MCMC.

\subsection*{B.2 Predictive cross-validation}

We split the 13 DESI~DR2 BAO measurements into a
training set ($z<1.0$; 7~points) and a test set ($z\geq1.0$;
6~points) and fit each model on the training set only.
SSEE has $k=1$ free parameter (H$_0$, with $w_0,w_a,\Omega_m$
fixed algebraically); \LCDM has $k=2$ ($H_0,\Omega_m$);
CPL has $k=4$.

\begin{center}
\begin{tabular}{lccc}
\toprule
Model & $k$ & $\chi^2_r$(train) & $\Delta\ln L_{\rm test}$\\
\midrule
SSEE     & 1 & 1.405  & ---\\
\LCDM   & 2 & 1.261  & +1.35\\
CPL      & 4 & 0.583   & +190.36\\
\bottomrule
\end{tabular}
\end{center}

$\Delta\ln L_{\rm test} = \ln L_{\rm test}^{\rm SSEE} - \ln L_{\rm test}^{\rm model}$.
A positive value indicates that SSEE predicts the test set better
despite having the fewest free parameters, confirming that the
improvement in the dynamic BIC is not driven by overfitting.

