preflight  [1/3] __pycache__ borrados: 132
preflight  [2/3] núcleo(fuente) == CANONICAL_VALUES en 6 constantes
preflight  [3/3] ingredientes de esta corrida:
             SUM_MNU_EV       = 0.068490000
             OMEGA_B_H2       = 0.022417757
             OMEGA_C_H2       = 0.119514408
             OMEGA_NU_H2      = 0.000735345
             OMEGA_M_H2       = 0.142667510
             OMEGA_M_TOTAL    = 0.308880879
             W0               = -0.839949771
             WA               = -0.669974886
             H0_ALG           = 67.962137323
preflight  OK — luz verde para el cómputo
2026-09-19 07:16:38  lanzando kids_legacy/ssee  (4 cadenas MPI)
[0 : output] Output to be read-from/written-into folder '/mnt/datos/SSEE_data/chains_p6/kids_legacy', with prefix 'ssee'
[1 : p06_growth.cobaya_kids_legacy.loglike_ssee] Initialized external likelihood.
[2 : p06_growth.cobaya_kids_legacy.loglike_ssee] Initialized external likelihood.
[3 : p06_growth.cobaya_kids_legacy.loglike_ssee] Initialized external likelihood.
[0 : p06_growth.cobaya_kids_legacy.loglike_ssee] Initialized external likelihood.
[1 : mcmc] Getting initial point... (this may take a few seconds)
[2 : mcmc] Getting initial point... (this may take a few seconds)
[0 : mcmc] Getting initial point... (this may take a few seconds)
[3 : mcmc] Getting initial point... (this may take a few seconds)
[1 : mcmc] Initial point: logA:3.04, logT_AGN:8, A_scale:1, dz1:0.02582526, dz2:-0.01346686, dz3:0.00151206, dz4:-0.008220982, dz5:0.01141427, dz6:0.05428261
[3 : mcmc] Initial point: logA:3.04, logT_AGN:8, A_scale:1, dz1:0.02582526, dz2:-0.01346686, dz3:0.00151206, dz4:-0.008220982, dz5:0.01141427, dz6:0.05428261
[0 : mcmc] Initial point: logA:3.04, logT_AGN:8, A_scale:1, dz1:0.02582526, dz2:-0.01346686, dz3:0.00151206, dz4:-0.008220982, dz5:0.01141427, dz6:0.05428261
[2 : mcmc] Initial point: logA:3.04, logT_AGN:8, A_scale:1, dz1:0.02582526, dz2:-0.01346686, dz3:0.00151206, dz4:-0.008220982, dz5:0.01141427, dz6:0.05428261
[0 : mcmc] Oversampling with factors:
[0 : mcmc] * 1 : ['logA', 'logT_AGN']
[0 : mcmc] * 5 : ['A_scale', 'dz1', 'dz2', 'dz3', 'dz4', 'dz5', 'dz6']
[0 : mcmc] Covariance matrix not present. We will start learning the covariance of the proposal earlier: R-1 = 30 (would be 2 if all params loaded).
[0 : mcmc] Sampling!
[0 : mcmc] Progress @ 2026-09-19 07:17:00 : 1 steps taken, and 0 accepted.
[3 : mcmc] Progress @ 2026-09-19 07:17:00 : 1 steps taken, and 0 accepted.
[1 : mcmc] Progress @ 2026-09-19 07:17:00 : 1 steps taken, and 0 accepted.
[2 : mcmc] Progress @ 2026-09-19 07:17:00 : 1 steps taken, and 0 accepted.
[0 : mcmc] Progress @ 2026-09-19 07:18:00 : 37 steps taken, and 5 accepted.
[3 : mcmc] Progress @ 2026-09-19 07:18:00 : 39 steps taken, and 5 accepted.
[1 : mcmc] Progress @ 2026-09-19 07:18:01 : 40 steps taken, and 8 accepted.
[2 : mcmc] Progress @ 2026-09-19 07:18:14 : 39 steps taken, and 6 accepted.
[1 : mcmc] Progress @ 2026-09-19 07:19:01 : 77 steps taken, and 15 accepted.
[0 : mcmc] Progress @ 2026-09-19 07:19:13 : 66 steps taken, and 12 accepted.
[2 : mcmc] Progress @ 2026-09-19 07:19:15 : 91 steps taken, and 15 accepted.
[3 : mcmc] Progress @ 2026-09-19 07:19:16 : 75 steps taken, and 11 accepted.
[0 : mcmc] Progress @ 2026-09-19 07:20:13 : 103 steps taken, and 20 accepted.
[2 : mcmc] Progress @ 2026-09-19 07:20:16 : 99 steps taken, and 17 accepted.
[1 : mcmc] Progress @ 2026-09-19 07:20:19 : 114 steps taken, and 21 accepted.
[3 : mcmc] Progress @ 2026-09-19 07:20:30 : 130 steps taken, and 20 accepted.
[0 : mcmc] Progress @ 2026-09-19 07:21:14 : 140 steps taken, and 26 accepted.
[2 : mcmc] Progress @ 2026-09-19 07:21:16 : 128 steps taken, and 23 accepted.
[1 : mcmc] Progress @ 2026-09-19 07:21:35 : 174 steps taken, and 31 accepted.
[3 : mcmc] Progress @ 2026-09-19 07:21:46 : 190 steps taken, and 30 accepted.
[0 : mcmc] Progress @ 2026-09-19 07:22:14 : 178 steps taken, and 33 accepted.
[2 : mcmc] Progress @ 2026-09-19 07:22:17 : 157 steps taken, and 29 accepted.
[1 : mcmc] Progress @ 2026-09-19 07:22:35 : 236 steps taken, and 39 accepted.
[3 : mcmc] Progress @ 2026-09-19 07:23:07 : 234 steps taken, and 39 accepted.
[0 : mcmc] Progress @ 2026-09-19 07:23:15 : 216 steps taken, and 42 accepted.
[2 : mcmc] Progress @ 2026-09-19 07:23:38 : 182 steps taken, and 34 accepted.
[1 : mcmc] Progress @ 2026-09-19 07:23:49 : 270 steps taken, and 46 accepted.
[0 : mcmc] Progress @ 2026-09-19 07:24:16 : 254 steps taken, and 49 accepted.
[3 : mcmc] Progress @ 2026-09-19 07:24:32 : 262 steps taken, and 43 accepted.
[1 : mcmc] Progress @ 2026-09-19 07:24:49 : 332 steps taken, and 60 accepted.
[2 : mcmc] Progress @ 2026-09-19 07:24:56 : 203 steps taken, and 36 accepted.
[0 : mcmc] Progress @ 2026-09-19 07:25:16 : 291 steps taken, and 56 accepted.
[3 : mcmc] Progress @ 2026-09-19 07:25:33 : 302 steps taken, and 49 accepted.
[1 : mcmc] Progress @ 2026-09-19 07:25:50 : 371 steps taken, and 66 accepted.
[2 : mcmc] Progress @ 2026-09-19 07:25:56 : 232 steps taken, and 43 accepted.
[3 : mcmc] Progress @ 2026-09-19 07:26:38 : 347 steps taken, and 58 accepted.
[0 : mcmc] Progress @ 2026-09-19 07:26:41 : 319 steps taken, and 62 accepted.
[2 : mcmc] Progress @ 2026-09-19 07:26:56 : 261 steps taken, and 50 accepted.
[1 : mcmc] Progress @ 2026-09-19 07:27:06 : 408 steps taken, and 75 accepted.
[3 : mcmc] Progress @ 2026-09-19 07:27:38 : 385 steps taken, and 64 accepted.
[0 : mcmc] Progress @ 2026-09-19 07:27:54 : 359 steps taken, and 69 accepted.
[1 : mcmc] Progress @ 2026-09-19 07:28:07 : 471 steps taken, and 88 accepted.
[2 : mcmc] Progress @ 2026-09-19 07:28:13 : 282 steps taken, and 54 accepted.
[3 : mcmc] Progress @ 2026-09-19 07:28:39 : 423 steps taken, and 70 accepted.
[0 : mcmc] Progress @ 2026-09-19 07:28:57 : 391 steps taken, and 74 accepted.
[1 : mcmc] Progress @ 2026-09-19 07:29:10 : 513 steps taken, and 95 accepted.
[2 : mcmc] Progress @ 2026-09-19 07:29:14 : 311 steps taken, and 61 accepted.
[3 : mcmc] Progress @ 2026-09-19 07:29:40 : 461 steps taken, and 76 accepted.
[1 : mcmc] Progress @ 2026-09-19 07:30:10 : 551 steps taken, and 101 accepted.
[0 : mcmc] Progress @ 2026-09-19 07:30:15 : 413 steps taken, and 78 accepted.
[2 : mcmc] Progress @ 2026-09-19 07:30:36 : 337 steps taken, and 66 accepted.
[3 : mcmc] Progress @ 2026-09-19 07:30:49 : 510 steps taken, and 86 accepted.
[1 : mcmc] Progress @ 2026-09-19 07:31:10 : 582 steps taken, and 106 accepted.
[0 : mcmc] Progress @ 2026-09-19 07:31:16 : 442 steps taken, and 84 accepted.
[2 : mcmc] Progress @ 2026-09-19 07:31:39 : 367 steps taken, and 72 accepted.
[3 : mcmc] Progress @ 2026-09-19 07:31:49 : 548 steps taken, and 94 accepted.
[0 : mcmc] Progress @ 2026-09-19 07:32:16 : 471 steps taken, and 90 accepted.
[1 : mcmc] Progress @ 2026-09-19 07:32:23 : 599 steps taken, and 108 accepted.
[2 : mcmc] Progress @ 2026-09-19 07:32:39 : 395 steps taken, and 78 accepted.
[3 : mcmc] Progress @ 2026-09-19 07:32:53 : 591 steps taken, and 98 accepted.
[0 : mcmc] Progress @ 2026-09-19 07:33:18 : 502 steps taken, and 95 accepted.
[1 : mcmc] Progress @ 2026-09-19 07:33:23 : 641 steps taken, and 118 accepted.
[2 : mcmc] Progress @ 2026-09-19 07:33:48 : 435 steps taken, and 87 accepted.
[3 : mcmc] Progress @ 2026-09-19 07:33:53 : 628 steps taken, and 106 accepted.
[0 : mcmc] Progress @ 2026-09-19 07:34:19 : 532 steps taken, and 101 accepted.
[1 : mcmc] Progress @ 2026-09-19 07:34:33 : 693 steps taken, and 126 accepted.
[2 : mcmc] Progress @ 2026-09-19 07:34:50 : 475 steps taken, and 93 accepted.
[3 : mcmc] Progress @ 2026-09-19 07:34:53 : 665 steps taken, and 110 accepted.
[0 : mcmc] Progress @ 2026-09-19 07:35:22 : 541 steps taken, and 103 accepted.
[1 : mcmc] Progress @ 2026-09-19 07:35:33 : 721 steps taken, and 130 accepted.
[3 : mcmc] Progress @ 2026-09-19 07:35:53 : 702 steps taken, and 115 accepted.
[2 : mcmc] Progress @ 2026-09-19 07:36:04 : 508 steps taken, and 97 accepted.
[0 : mcmc] Progress @ 2026-09-19 07:36:22 : 570 steps taken, and 107 accepted.
[1 : mcmc] Progress @ 2026-09-19 07:36:34 : 750 steps taken, and 134 accepted.
[3 : mcmc] Progress @ 2026-09-19 07:36:53 : 739 steps taken, and 123 accepted.
[2 : mcmc] Progress @ 2026-09-19 07:37:06 : 548 steps taken, and 105 accepted.
[1 : mcmc] Progress @ 2026-09-19 07:37:42 : 764 steps taken, and 137 accepted.
[0 : mcmc] Progress @ 2026-09-19 07:37:45 : 596 steps taken, and 113 accepted.
[3 : mcmc] Progress @ 2026-09-19 07:37:53 : 801 steps taken, and 133 accepted.
[2 : mcmc] Progress @ 2026-09-19 07:38:06 : 610 steps taken, and 118 accepted.
[1 : mcmc] Progress @ 2026-09-19 07:38:47 : 808 steps taken, and 146 accepted.
[0 : mcmc] Progress @ 2026-09-19 07:38:51 : 631 steps taken, and 120 accepted.
[3 : mcmc] Progress @ 2026-09-19 07:39:05 : 831 steps taken, and 141 accepted.
[2 : mcmc] Progress @ 2026-09-19 07:39:12 : 632 steps taken, and 119 accepted.
[0 : mcmc] Progress @ 2026-09-19 07:39:52 : 664 steps taken, and 123 accepted.
[3 : mcmc] Progress @ 2026-09-19 07:40:05 : 864 steps taken, and 146 accepted.
[1 : mcmc] Progress @ 2026-09-19 07:40:09 : 864 steps taken, and 155 accepted.
[2 : mcmc] Progress @ 2026-09-19 07:40:22 : 670 steps taken, and 127 accepted.
[0 : mcmc] Progress @ 2026-09-19 07:40:53 : 703 steps taken, and 128 accepted.
[3 : mcmc] Progress @ 2026-09-19 07:41:13 : 912 steps taken, and 156 accepted.
[2 : mcmc] Progress @ 2026-09-19 07:41:23 : 699 steps taken, and 132 accepted.
[1 : mcmc] Progress @ 2026-09-19 07:41:24 : 906 steps taken, and 162 accepted.
[0 : mcmc] Progress @ 2026-09-19 07:41:53 : 741 steps taken, and 135 accepted.
[3 : mcmc] Progress @ 2026-09-19 07:42:19 : 957 steps taken, and 162 accepted.
[1 : mcmc] Progress @ 2026-09-19 07:42:25 : 935 steps taken, and 166 accepted.
[2 : mcmc] Progress @ 2026-09-19 07:42:49 : 728 steps taken, and 139 accepted.
[0 : mcmc] Progress @ 2026-09-19 07:42:53 : 779 steps taken, and 141 accepted.
[3 : mcmc] Progress @ 2026-09-19 07:43:19 : 994 steps taken, and 169 accepted.
[1 : mcmc] Progress @ 2026-09-19 07:43:49 : 962 steps taken, and 172 accepted.
[0 : mcmc] Progress @ 2026-09-19 07:43:53 : 797 steps taken, and 144 accepted.
[2 : mcmc] Progress @ 2026-09-19 07:43:57 : 762 steps taken, and 146 accepted.
[3 : mcmc] Progress @ 2026-09-19 07:44:20 : 1032 steps taken, and 175 accepted.
[1 : mcmc] Progress @ 2026-09-19 07:44:49 : 1014 steps taken, and 181 accepted.
[2 : mcmc] Progress @ 2026-09-19 07:45:04 : 801 steps taken, and 152 accepted.
[0 : mcmc] Progress @ 2026-09-19 07:45:07 : 845 steps taken, and 149 accepted.
[3 : mcmc] Progress @ 2026-09-19 07:45:31 : 1063 steps taken, and 181 accepted.
[1 : mcmc] Progress @ 2026-09-19 07:45:49 : 1094 steps taken, and 195 accepted.
[2 : mcmc] Progress @ 2026-09-19 07:46:05 : 832 steps taken, and 157 accepted.
[0 : mcmc] Progress @ 2026-09-19 07:46:29 : 871 steps taken, and 153 accepted.
[3 : mcmc] Progress @ 2026-09-19 07:46:38 : 1097 steps taken, and 190 accepted.
[1 : mcmc] Progress @ 2026-09-19 07:46:50 : 1128 steps taken, and 199 accepted.
[2 : mcmc] Progress @ 2026-09-19 07:47:13 : 869 steps taken, and 164 accepted.
[0 : mcmc] Progress @ 2026-09-19 07:47:34 : 893 steps taken, and 158 accepted.
[3 : mcmc] Progress @ 2026-09-19 07:47:53 : 1136 steps taken, and 198 accepted.
[1 : mcmc] Progress @ 2026-09-19 07:48:00 : 1176 steps taken, and 209 accepted.
[2 : mcmc] Progress @ 2026-09-19 07:48:13 : 898 steps taken, and 170 accepted.
[0 : mcmc] Progress @ 2026-09-19 07:48:50 : 951 steps taken, and 167 accepted.
[3 : mcmc] Progress @ 2026-09-19 07:49:02 : 1168 steps taken, and 203 accepted.
[2 : mcmc] Progress @ 2026-09-19 07:49:13 : 926 steps taken, and 176 accepted.
[1 : mcmc] Progress @ 2026-09-19 07:49:17 : 1214 steps taken, and 216 accepted.
[0 : mcmc] Progress @ 2026-09-19 07:49:58 : 997 steps taken, and 174 accepted.
[3 : mcmc] Progress @ 2026-09-19 07:50:03 : 1206 steps taken, and 210 accepted.
[2 : mcmc] Progress @ 2026-09-19 07:50:17 : 941 steps taken, and 180 accepted.
[1 : mcmc] Progress @ 2026-09-19 07:50:18 : 1258 steps taken, and 222 accepted.
[0 : mcmc] Progress @ 2026-09-19 07:50:58 : 1034 steps taken, and 180 accepted.
[1 : mcmc] Progress @ 2026-09-19 07:51:19 : 1295 steps taken, and 229 accepted.
[3 : mcmc] Progress @ 2026-09-19 07:51:19 : 1227 steps taken, and 213 accepted.
[2 : mcmc] Progress @ 2026-09-19 07:51:21 : 973 steps taken, and 184 accepted.
[0 : mcmc] Progress @ 2026-09-19 07:52:10 : 1067 steps taken, and 187 accepted.
[3 : mcmc] Progress @ 2026-09-19 07:52:20 : 1274 steps taken, and 218 accepted.
[1 : mcmc] Progress @ 2026-09-19 07:52:23 : 1327 steps taken, and 235 accepted.
[2 : mcmc] Progress @ 2026-09-19 07:52:33 : 1010 steps taken, and 190 accepted.
[1 : mcmc] Progress @ 2026-09-19 07:53:27 : 1358 steps taken, and 241 accepted.
[0 : mcmc] Progress @ 2026-09-19 07:53:31 : 1095 steps taken, and 194 accepted.
[2 : mcmc] Progress @ 2026-09-19 07:53:33 : 1053 steps taken, and 200 accepted.
[3 : mcmc] Progress @ 2026-09-19 07:53:39 : 1303 steps taken, and 224 accepted.
[0 : mcmc] Progress @ 2026-09-19 07:54:31 : 1124 steps taken, and 197 accepted.
[3 : mcmc] Progress @ 2026-09-19 07:54:39 : 1353 steps taken, and 234 accepted.
[1 : mcmc] Progress @ 2026-09-19 07:54:41 : 1401 steps taken, and 251 accepted.
[2 : mcmc] Progress @ 2026-09-19 07:54:48 : 1081 steps taken, and 205 accepted.
[3 : mcmc] Progress @ 2026-09-19 07:55:40 : 1378 steps taken, and 239 accepted.
[1 : mcmc] Progress @ 2026-09-19 07:55:41 : 1438 steps taken, and 257 accepted.
[2 : mcmc] Progress @ 2026-09-19 07:55:49 : 1129 steps taken, and 214 accepted.
[0 : mcmc] Progress @ 2026-09-19 07:55:52 : 1171 steps taken, and 203 accepted.
[3 : mcmc] Progress @ 2026-09-19 07:56:41 : 1400 steps taken, and 243 accepted.
[1 : mcmc] Progress @ 2026-09-19 07:56:41 : 1479 steps taken, and 263 accepted.
[2 : mcmc] Progress @ 2026-09-19 07:57:06 : 1166 steps taken, and 223 accepted.
[0 : mcmc] Progress @ 2026-09-19 07:57:15 : 1206 steps taken, and 210 accepted.
[3 : mcmc] Progress @ 2026-09-19 07:57:41 : 1431 steps taken, and 249 accepted.
[1 : mcmc] Progress @ 2026-09-19 07:57:59 : 1529 steps taken, and 270 accepted.
[2 : mcmc] Progress @ 2026-09-19 07:58:10 : 1195 steps taken, and 227 accepted.
[0 : mcmc] Progress @ 2026-09-19 07:58:32 : 1250 steps taken, and 218 accepted.
[3 : mcmc] Progress @ 2026-09-19 07:58:41 : 1467 steps taken, and 256 accepted.
[1 : mcmc] Progress @ 2026-09-19 07:58:59 : 1558 steps taken, and 274 accepted.
[2 : mcmc] Progress @ 2026-09-19 07:59:31 : 1239 steps taken, and 234 accepted.
[0 : mcmc] Progress @ 2026-09-19 07:59:49 : 1277 steps taken, and 223 accepted.
[3 : mcmc] Progress @ 2026-09-19 07:59:55 : 1508 steps taken, and 264 accepted.
[1 : mcmc] Progress @ 2026-09-19 08:00:15 : 1606 steps taken, and 283 accepted.
[2 : mcmc] Progress @ 2026-09-19 08:00:33 : 1259 steps taken, and 237 accepted.
[0 : mcmc] Progress @ 2026-09-19 08:00:53 : 1308 steps taken, and 228 accepted.
[3 : mcmc] Progress @ 2026-09-19 08:01:13 : 1542 steps taken, and 273 accepted.
[1 : mcmc] Progress @ 2026-09-19 08:01:24 : 1646 steps taken, and 289 accepted.
[2 : mcmc] Progress @ 2026-09-19 08:01:34 : 1303 steps taken, and 243 accepted.
[0 : mcmc] Progress @ 2026-09-19 08:01:53 : 1383 steps taken, and 241 accepted.
[3 : mcmc] Progress @ 2026-09-19 08:02:14 : 1570 steps taken, and 277 accepted.
[1 : mcmc] Progress @ 2026-09-19 08:02:36 : 1673 steps taken, and 292 accepted.
[0 : mcmc] Progress @ 2026-09-19 08:02:58 : 1416 steps taken, and 247 accepted.
[2 : mcmc] Progress @ 2026-09-19 08:03:00 : 1332 steps taken, and 248 accepted.
[3 : mcmc] Progress @ 2026-09-19 08:03:14 : 1590 steps taken, and 282 accepted.
[1 : mcmc] Progress @ 2026-09-19 08:03:48 : 1697 steps taken, and 296 accepted.
[0 : mcmc] Progress @ 2026-09-19 08:03:59 : 1463 steps taken, and 253 accepted.
[2 : mcmc] Progress @ 2026-09-19 08:04:07 : 1348 steps taken, and 250 accepted.
[3 : mcmc] Progress @ 2026-09-19 08:04:25 : 1625 steps taken, and 286 accepted.
[1 : mcmc] Progress @ 2026-09-19 08:07:36 : 1709 steps taken, and 298 accepted.
[0 : mcmc] Progress @ 2026-09-19 08:07:36 : 1492 steps taken, and 259 accepted.
[2 : mcmc] Progress @ 2026-09-19 08:07:44 : 1377 steps taken, and 254 accepted.
[3 : mcmc] Progress @ 2026-09-19 08:07:46 : 1638 steps taken, and 288 accepted.
[1 : mcmc] Progress @ 2026-09-19 08:08:36 : 1761 steps taken, and 305 accepted.
[0 : mcmc] Progress @ 2026-09-19 08:08:37 : 1521 steps taken, and 263 accepted.
[2 : mcmc] Progress @ 2026-09-19 08:08:44 : 1414 steps taken, and 261 accepted.
[3 : mcmc] Progress @ 2026-09-19 08:08:46 : 1676 steps taken, and 294 accepted.
[0 : mcmc] Progress @ 2026-09-19 08:09:37 : 1550 steps taken, and 266 accepted.
[1 : mcmc] Progress @ 2026-09-19 08:09:49 : 1793 steps taken, and 306 accepted.
[2 : mcmc] Progress @ 2026-09-19 08:09:50 : 1459 steps taken, and 270 accepted.
[3 : mcmc] Progress @ 2026-09-19 08:09:51 : 1722 steps taken, and 303 accepted.
[0 : mcmc] Progress @ 2026-09-19 08:10:47 : 1565 steps taken, and 267 accepted.
[2 : mcmc] Progress @ 2026-09-19 08:10:51 : 1498 steps taken, and 276 accepted.
[3 : mcmc] Progress @ 2026-09-19 08:10:52 : 1760 steps taken, and 310 accepted.
[1 : mcmc] Progress @ 2026-09-19 08:11:02 : 1848 steps taken, and 314 accepted.
[3 : mcmc] Progress @ 2026-09-19 08:11:52 : 1798 steps taken, and 315 accepted.
[1 : mcmc] Progress @ 2026-09-19 08:12:02 : 1886 steps taken, and 318 accepted.
[2 : mcmc] Progress @ 2026-09-19 08:12:07 : 1535 steps taken, and 284 accepted.
[0 : mcmc] Progress @ 2026-09-19 08:12:12 : 1593 steps taken, and 273 accepted.
[3 : mcmc] Progress @ 2026-09-19 08:12:52 : 1836 steps taken, and 323 accepted.
[1 : mcmc] Progress @ 2026-09-19 08:13:02 : 1924 steps taken, and 326 accepted.
[2 : mcmc] Progress @ 2026-09-19 08:13:07 : 1572 steps taken, and 292 accepted.
[0 : mcmc] Progress @ 2026-09-19 08:13:12 : 1622 steps taken, and 277 accepted.
[3 : mcmc] Progress @ 2026-09-19 08:13:57 : 1855 steps taken, and 327 accepted.
[1 : mcmc] Progress @ 2026-09-19 08:14:03 : 1962 steps taken, and 331 accepted.
[2 : mcmc] Progress @ 2026-09-19 08:14:08 : 1610 steps taken, and 300 accepted.
[0 : mcmc] Progress @ 2026-09-19 08:14:36 : 1649 steps taken, and 279 accepted.
[3 : mcmc] Progress @ 2026-09-19 08:15:14 : 1917 steps taken, and 339 accepted.
[2 : mcmc] Progress @ 2026-09-19 08:15:14 : 1656 steps taken, and 307 accepted.
[1 : mcmc] Progress @ 2026-09-19 08:15:19 : 2000 steps taken, and 339 accepted.
[0 : mcmc] Progress @ 2026-09-19 08:15:36 : 1678 steps taken, and 283 accepted.
[3 : mcmc] Progress @ 2026-09-19 08:16:14 : 1946 steps taken, and 345 accepted.
[2 : mcmc] Progress @ 2026-09-19 08:16:15 : 1685 steps taken, and 315 accepted.
[1 : mcmc] Progress @ 2026-09-19 08:16:20 : 2052 steps taken, and 346 accepted.
[0 : mcmc] Progress @ 2026-09-19 08:16:37 : 1702 steps taken, and 287 accepted.
[2 : mcmc] Progress @ 2026-09-19 08:17:16 : 1714 steps taken, and 322 accepted.
[1 : mcmc] Progress @ 2026-09-19 08:17:21 : 2086 steps taken, and 352 accepted.
[3 : mcmc] Progress @ 2026-09-19 08:17:29 : 1971 steps taken, and 348 accepted.
[0 : mcmc] Progress @ 2026-09-19 08:17:42 : 1725 steps taken, and 292 accepted.
[1 : mcmc] Learn + convergence test @ 360 samples accepted.
[1 : mcmc] Ready to check convergence and learn a new proposal covmat (waiting for the rest...)
[1 : mcmc] Progress @ 2026-09-19 08:18:21 : 2127 steps taken, and 362 accepted.
[2 : mcmc] Progress @ 2026-09-19 08:18:24 : 1737 steps taken, and 327 accepted.
[3 : mcmc] Progress @ 2026-09-19 08:18:29 : 2004 steps taken, and 356 accepted.
[0 : mcmc] Progress @ 2026-09-19 08:18:42 : 1761 steps taken, and 299 accepted.
[3 : mcmc] Learn + convergence test @ 360 samples accepted.
[3 : mcmc] Ready to check convergence and learn a new proposal covmat (waiting for the rest...)
[1 : mcmc] Progress @ 2026-09-19 08:19:22 : 2167 steps taken, and 370 accepted.
[2 : mcmc] Progress @ 2026-09-19 08:19:25 : 1778 steps taken, and 333 accepted.
[0 : mcmc] Progress @ 2026-09-19 08:19:43 : 1799 steps taken, and 307 accepted.
[3 : mcmc] Progress @ 2026-09-19 08:19:51 : 2029 steps taken, and 362 accepted.
[2 : mcmc] Progress @ 2026-09-19 08:20:26 : 1814 steps taken, and 340 accepted.
[1 : mcmc] Progress @ 2026-09-19 08:20:30 : 2187 steps taken, and 373 accepted.
[0 : mcmc] Progress @ 2026-09-19 08:20:51 : 1822 steps taken, and 312 accepted.
[3 : mcmc] Progress @ 2026-09-19 08:20:57 : 2062 steps taken, and 366 accepted.
[1 : mcmc] Progress @ 2026-09-19 08:21:31 : 2216 steps taken, and 376 accepted.
[2 : mcmc] Progress @ 2026-09-19 08:21:32 : 1856 steps taken, and 345 accepted.
[0 : mcmc] Progress @ 2026-09-19 08:21:52 : 1867 steps taken, and 321 accepted.
[3 : mcmc] Progress @ 2026-09-19 08:22:00 : 2090 steps taken, and 371 accepted.
[1 : mcmc] Progress @ 2026-09-19 08:22:46 : 2254 steps taken, and 382 accepted.
[2 : mcmc] Progress @ 2026-09-19 08:22:57 : 1892 steps taken, and 350 accepted.
[3 : mcmc] Progress @ 2026-09-19 08:23:01 : 2123 steps taken, and 377 accepted.
[0 : mcmc] Progress @ 2026-09-19 08:23:13 : 1892 steps taken, and 324 accepted.
[1 : mcmc] Progress @ 2026-09-19 08:23:47 : 2287 steps taken, and 389 accepted.
[2 : mcmc] Progress @ 2026-09-19 08:23:57 : 1921 steps taken, and 354 accepted.
[3 : mcmc] Progress @ 2026-09-19 08:24:09 : 2170 steps taken, and 386 accepted.
[0 : mcmc] Progress @ 2026-09-19 08:24:13 : 1921 steps taken, and 330 accepted.
[1 : mcmc] Progress @ 2026-09-19 08:24:47 : 2325 steps taken, and 394 accepted.
[2 : mcmc] Progress @ 2026-09-19 08:24:58 : 1950 steps taken, and 359 accepted.
[2 : mcmc] Learn + convergence test @ 360 samples accepted.
[2 : mcmc] Ready to check convergence and learn a new proposal covmat (waiting for the rest...)
[0 : mcmc] Progress @ 2026-09-19 08:25:21 : 1957 steps taken, and 336 accepted.
[3 : mcmc] Progress @ 2026-09-19 08:25:25 : 2208 steps taken, and 394 accepted.
[1 : mcmc] Progress @ 2026-09-19 08:25:47 : 2364 steps taken, and 402 accepted.
[2 : mcmc] Progress @ 2026-09-19 08:26:11 : 1970 steps taken, and 361 accepted.
[3 : mcmc] Progress @ 2026-09-19 08:26:26 : 2248 steps taken, and 402 accepted.
[0 : mcmc] Progress @ 2026-09-19 08:26:47 : 1985 steps taken, and 341 accepted.
[1 : mcmc] Progress @ 2026-09-19 08:26:48 : 2403 steps taken, and 406 accepted.
[2 : mcmc] Progress @ 2026-09-19 08:27:11 : 2008 steps taken, and 366 accepted.
[3 : mcmc] Progress @ 2026-09-19 08:27:33 : 2290 steps taken, and 412 accepted.
[1 : mcmc] Progress @ 2026-09-19 08:27:48 : 2433 steps taken, and 411 accepted.
[0 : mcmc] Progress @ 2026-09-19 08:27:59 : 2039 steps taken, and 354 accepted.
[2 : mcmc] Progress @ 2026-09-19 08:28:14 : 2051 steps taken, and 373 accepted.
[3 : mcmc] Progress @ 2026-09-19 08:28:34 : 2319 steps taken, and 415 accepted.
[0 : mcmc] Learn + convergence test @ 360 samples accepted.
[0 : mcmc] Ready to check convergence and learn a new proposal covmat (waiting for the rest...)
[0 : mcmc] All chains are ready to check convergence and learn a new proposal covmat
[1 : mcmc] Progress @ 2026-09-19 08:28:53 : 2444 steps taken, and 413 accepted.
[3 : mcmc] Progress @ 2026-09-19 08:29:49 : 2340 steps taken, and 417 accepted.
[0 : mcmc]  - Acceptance rate: 0.692 = avg([0.6870, 0.6429, 0.7063, 0.7308])
[0 : mcmc]  - Convergence of means: R-1 = 1.304633 after 1570 accepted steps = sum([360, 413, 379, 418])
[0 : mcmc]  - Updated covariance matrix of proposal pdf.
[0 : mcmc] Progress @ 2026-09-19 08:29:51 : 2082 steps taken, and 360 accepted.
[2 : mcmc] Progress @ 2026-09-19 08:29:51 : 2079 steps taken, and 379 accepted.
[1 : mcmc] Progress @ 2026-09-19 08:29:54 : 2447 steps taken, and 414 accepted.
[0 : mcmc] Progress @ 2026-09-19 08:30:51 : 2122 steps taken, and 370 accepted.
[2 : mcmc] Progress @ 2026-09-19 08:30:52 : 2133 steps taken, and 391 accepted.
[1 : mcmc] Progress @ 2026-09-19 08:30:54 : 2479 steps taken, and 420 accepted.
[3 : mcmc] Progress @ 2026-09-19 08:31:01 : 2378 steps taken, and 425 accepted.
[0 : mcmc] Progress @ 2026-09-19 08:31:51 : 2186 steps taken, and 384 accepted.
[2 : mcmc] Progress @ 2026-09-19 08:31:52 : 2163 steps taken, and 397 accepted.
[3 : mcmc] Progress @ 2026-09-19 08:32:02 : 2430 steps taken, and 437 accepted.
[1 : mcmc] Progress @ 2026-09-19 08:32:18 : 2506 steps taken, and 426 accepted.
[0 : mcmc] Progress @ 2026-09-19 08:32:52 : 2223 steps taken, and 393 accepted.
[2 : mcmc] Progress @ 2026-09-19 08:33:14 : 2187 steps taken, and 402 accepted.
[1 : mcmc] Progress @ 2026-09-19 08:33:18 : 2538 steps taken, and 433 accepted.
[3 : mcmc] Progress @ 2026-09-19 08:33:24 : 2456 steps taken, and 442 accepted.
[0 : mcmc] Progress @ 2026-09-19 08:33:52 : 2262 steps taken, and 400 accepted.
[2 : mcmc] Progress @ 2026-09-19 08:34:14 : 2216 steps taken, and 408 accepted.
[1 : mcmc] Progress @ 2026-09-19 08:34:29 : 2593 steps taken, and 445 accepted.
[3 : mcmc] Progress @ 2026-09-19 08:34:43 : 2503 steps taken, and 452 accepted.
[0 : mcmc] Progress @ 2026-09-19 08:35:06 : 2322 steps taken, and 410 accepted.
[2 : mcmc] Progress @ 2026-09-19 08:35:16 : 2249 steps taken, and 412 accepted.
[1 : mcmc] Progress @ 2026-09-19 08:35:43 : 2654 steps taken, and 455 accepted.
[3 : mcmc] Progress @ 2026-09-19 08:35:44 : 2533 steps taken, and 459 accepted.
[2 : mcmc] Progress @ 2026-09-19 08:36:18 : 2273 steps taken, and 416 accepted.
[0 : mcmc] Progress @ 2026-09-19 08:36:21 : 2368 steps taken, and 419 accepted.
[3 : mcmc] Progress @ 2026-09-19 08:36:45 : 2564 steps taken, and 465 accepted.
[1 : mcmc] Progress @ 2026-09-19 08:36:55 : 2708 steps taken, and 464 accepted.
[0 : mcmc] Progress @ 2026-09-19 08:37:21 : 2398 steps taken, and 426 accepted.
[2 : mcmc] Progress @ 2026-09-19 08:37:25 : 2321 steps taken, and 426 accepted.
[3 : mcmc] Progress @ 2026-09-19 08:37:58 : 2594 steps taken, and 472 accepted.
[1 : mcmc] Progress @ 2026-09-19 08:38:19 : 2782 steps taken, and 480 accepted.
[0 : mcmc] Progress @ 2026-09-19 08:38:24 : 2438 steps taken, and 433 accepted.
[2 : mcmc] Progress @ 2026-09-19 08:38:30 : 2354 steps taken, and 434 accepted.
[3 : mcmc] Progress @ 2026-09-19 08:39:13 : 2648 steps taken, and 481 accepted.
[0 : mcmc] Progress @ 2026-09-19 08:39:31 : 2487 steps taken, and 441 accepted.
[1 : mcmc] Progress @ 2026-09-19 08:39:37 : 2828 steps taken, and 487 accepted.
[2 : mcmc] Progress @ 2026-09-19 08:39:42 : 2371 steps taken, and 438 accepted.
[3 : mcmc] Progress @ 2026-09-19 08:40:13 : 2677 steps taken, and 487 accepted.
[2 : mcmc] Progress @ 2026-09-19 08:40:42 : 2425 steps taken, and 449 accepted.
[0 : mcmc] Progress @ 2026-09-19 08:40:44 : 2543 steps taken, and 452 accepted.
[1 : mcmc] Progress @ 2026-09-19 08:40:57 : 2851 steps taken, and 491 accepted.
[3 : mcmc] Progress @ 2026-09-19 08:41:14 : 2707 steps taken, and 493 accepted.
[2 : mcmc] Progress @ 2026-09-19 08:41:43 : 2455 steps taken, and 455 accepted.
[0 : mcmc] Progress @ 2026-09-19 08:41:44 : 2584 steps taken, and 460 accepted.
[1 : mcmc] Progress @ 2026-09-19 08:41:57 : 2880 steps taken, and 498 accepted.
[3 : mcmc] Progress @ 2026-09-19 08:42:14 : 2736 steps taken, and 499 accepted.
[0 : mcmc] Progress @ 2026-09-19 08:42:44 : 2622 steps taken, and 467 accepted.
[1 : mcmc] Progress @ 2026-09-19 08:42:58 : 2909 steps taken, and 502 accepted.
[2 : mcmc] Progress @ 2026-09-19 08:43:03 : 2478 steps taken, and 460 accepted.
[3 : mcmc] Progress @ 2026-09-19 08:43:15 : 2766 steps taken, and 503 accepted.
[0 : mcmc] Progress @ 2026-09-19 08:43:44 : 2686 steps taken, and 482 accepted.
[2 : mcmc] Progress @ 2026-09-19 08:44:05 : 2509 steps taken, and 467 accepted.
[1 : mcmc] Progress @ 2026-09-19 08:44:17 : 2933 steps taken, and 508 accepted.
[3 : mcmc] Progress @ 2026-09-19 08:44:41 : 2797 steps taken, and 509 accepted.
[0 : mcmc] Progress @ 2026-09-19 08:44:44 : 2715 steps taken, and 487 accepted.
[2 : mcmc] Progress @ 2026-09-19 08:45:12 : 2521 steps taken, and 469 accepted.
[1 : mcmc] Progress @ 2026-09-19 08:45:34 : 2991 steps taken, and 520 accepted.
[3 : mcmc] Progress @ 2026-09-19 08:45:41 : 2827 steps taken, and 513 accepted.
[0 : mcmc] Progress @ 2026-09-19 08:46:11 : 2745 steps taken, and 493 accepted.
[2 : mcmc] Progress @ 2026-09-19 08:46:12 : 2573 steps taken, and 479 accepted.
[1 : mcmc] Progress @ 2026-09-19 08:46:34 : 3054 steps taken, and 531 accepted.
[3 : mcmc] Progress @ 2026-09-19 08:46:41 : 2858 steps taken, and 519 accepted.
[0 : mcmc] Progress @ 2026-09-19 08:47:12 : 2798 steps taken, and 502 accepted.
[2 : mcmc] Progress @ 2026-09-19 08:47:20 : 2586 steps taken, and 481 accepted.
[1 : mcmc] Progress @ 2026-09-19 08:47:40 : 3079 steps taken, and 536 accepted.
[3 : mcmc] Progress @ 2026-09-19 08:47:42 : 2887 steps taken, and 526 accepted.
[0 : mcmc] Progress @ 2026-09-19 08:48:20 : 2830 steps taken, and 508 accepted.
[2 : mcmc] Progress @ 2026-09-19 08:48:37 : 2607 steps taken, and 483 accepted.
[1 : mcmc] Progress @ 2026-09-19 08:48:41 : 3119 steps taken, and 542 accepted.
[3 : mcmc] Progress @ 2026-09-19 08:48:43 : 2920 steps taken, and 532 accepted.
[0 : mcmc] Progress @ 2026-09-19 08:49:21 : 2861 steps taken, and 516 accepted.
[2 : mcmc] Progress @ 2026-09-19 08:49:38 : 2647 steps taken, and 489 accepted.
[3 : mcmc] Progress @ 2026-09-19 08:49:43 : 2988 steps taken, and 543 accepted.
[1 : mcmc] Progress @ 2026-09-19 08:49:46 : 3175 steps taken, and 550 accepted.
[0 : mcmc] Progress @ 2026-09-19 08:50:21 : 2892 steps taken, and 522 accepted.
[2 : mcmc] Progress @ 2026-09-19 08:50:38 : 2679 steps taken, and 495 accepted.
[3 : mcmc] Progress @ 2026-09-19 08:50:46 : 3006 steps taken, and 548 accepted.
[1 : mcmc] Progress @ 2026-09-19 08:50:54 : 3225 steps taken, and 559 accepted.
[0 : mcmc] Progress @ 2026-09-19 08:51:22 : 2921 steps taken, and 527 accepted.
[2 : mcmc] Progress @ 2026-09-19 08:51:45 : 2737 steps taken, and 508 accepted.
[3 : mcmc] Progress @ 2026-09-19 08:51:46 : 3044 steps taken, and 555 accepted.
[1 : mcmc] Progress @ 2026-09-19 08:51:54 : 3289 steps taken, and 573 accepted.
[0 : mcmc] Progress @ 2026-09-19 08:52:23 : 2956 steps taken, and 532 accepted.
[3 : mcmc] Progress @ 2026-09-19 08:52:47 : 3052 steps taken, and 557 accepted.
[2 : mcmc] Progress @ 2026-09-19 08:53:01 : 2798 steps taken, and 521 accepted.
[1 : mcmc] Progress @ 2026-09-19 08:53:14 : 3339 steps taken, and 586 accepted.
[0 : mcmc] Progress @ 2026-09-19 08:53:39 : 2993 steps taken, and 541 accepted.
[3 : mcmc] Progress @ 2026-09-19 08:53:48 : 3102 steps taken, and 568 accepted.
[2 : mcmc] Progress @ 2026-09-19 08:54:14 : 2843 steps taken, and 529 accepted.
[1 : mcmc] Progress @ 2026-09-19 08:54:15 : 3377 steps taken, and 593 accepted.
[0 : mcmc] Progress @ 2026-09-19 08:54:40 : 3020 steps taken, and 546 accepted.
[3 : mcmc] Progress @ 2026-09-19 08:55:04 : 3160 steps taken, and 580 accepted.
[2 : mcmc] Progress @ 2026-09-19 08:55:23 : 2873 steps taken, and 536 accepted.
[1 : mcmc] Progress @ 2026-09-19 08:55:28 : 3417 steps taken, and 599 accepted.
[0 : mcmc] Progress @ 2026-09-19 08:55:40 : 3082 steps taken, and 554 accepted.
[3 : mcmc] Progress @ 2026-09-19 08:56:13 : 3209 steps taken, and 590 accepted.
[2 : mcmc] Progress @ 2026-09-19 08:56:29 : 2916 steps taken, and 543 accepted.
[1 : mcmc] Progress @ 2026-09-19 08:56:29 : 3471 steps taken, and 608 accepted.
[0 : mcmc] Progress @ 2026-09-19 08:56:41 : 3133 steps taken, and 566 accepted.
[3 : mcmc] Progress @ 2026-09-19 08:57:13 : 3268 steps taken, and 600 accepted.
[1 : mcmc] Progress @ 2026-09-19 08:57:38 : 3504 steps taken, and 615 accepted.
[0 : mcmc] Progress @ 2026-09-19 08:57:41 : 3154 steps taken, and 571 accepted.
[2 : mcmc] Progress @ 2026-09-19 08:57:47 : 2962 steps taken, and 554 accepted.
[3 : mcmc] Progress @ 2026-09-19 08:58:24 : 3317 steps taken, and 607 accepted.
[1 : mcmc] Progress @ 2026-09-19 08:58:38 : 3569 steps taken, and 628 accepted.
[0 : mcmc] Progress @ 2026-09-19 08:58:41 : 3183 steps taken, and 578 accepted.
[2 : mcmc] Progress @ 2026-09-19 08:58:56 : 3017 steps taken, and 565 accepted.
[1 : mcmc] Progress @ 2026-09-19 08:59:38 : 3610 steps taken, and 635 accepted.
[0 : mcmc] Progress @ 2026-09-19 08:59:41 : 3213 steps taken, and 581 accepted.
[3 : mcmc] Progress @ 2026-09-19 08:59:46 : 3343 steps taken, and 611 accepted.
[2 : mcmc] Progress @ 2026-09-19 09:00:01 : 3062 steps taken, and 573 accepted.
[1 : mcmc] Progress @ 2026-09-19 09:00:41 : 3629 steps taken, and 639 accepted.
[0 : mcmc] Progress @ 2026-09-19 09:00:42 : 3243 steps taken, and 588 accepted.
[3 : mcmc] Progress @ 2026-09-19 09:00:47 : 3373 steps taken, and 618 accepted.
[2 : mcmc] Progress @ 2026-09-19 09:01:05 : 3134 steps taken, and 585 accepted.
[0 : mcmc] Progress @ 2026-09-19 09:01:43 : 3272 steps taken, and 594 accepted.
[3 : mcmc] Progress @ 2026-09-19 09:01:51 : 3406 steps taken, and 623 accepted.
[1 : mcmc] Progress @ 2026-09-19 09:01:51 : 3682 steps taken, and 649 accepted.
[2 : mcmc] Progress @ 2026-09-19 09:02:06 : 3173 steps taken, and 594 accepted.
[0 : mcmc] Progress @ 2026-09-19 09:02:44 : 3301 steps taken, and 600 accepted.
[1 : mcmc] Progress @ 2026-09-19 09:02:51 : 3722 steps taken, and 658 accepted.
[3 : mcmc] Progress @ 2026-09-19 09:02:52 : 3436 steps taken, and 626 accepted.
[2 : mcmc] Progress @ 2026-09-19 09:03:06 : 3212 steps taken, and 601 accepted.
[1 : mcmc] Progress @ 2026-09-19 09:03:55 : 3766 steps taken, and 664 accepted.
[0 : mcmc] Progress @ 2026-09-19 09:04:02 : 3348 steps taken, and 609 accepted.
[2 : mcmc] Progress @ 2026-09-19 09:04:06 : 3251 steps taken, and 608 accepted.
[3 : mcmc] Progress @ 2026-09-19 09:04:09 : 3458 steps taken, and 631 accepted.
[1 : mcmc] Progress @ 2026-09-19 09:05:01 : 3818 steps taken, and 676 accepted.
[3 : mcmc] Progress @ 2026-09-19 09:05:10 : 3500 steps taken, and 638 accepted.
[2 : mcmc] Progress @ 2026-09-19 09:05:20 : 3313 steps taken, and 618 accepted.
[0 : mcmc] Progress @ 2026-09-19 09:05:26 : 3375 steps taken, and 616 accepted.
[3 : mcmc] Progress @ 2026-09-19 09:06:11 : 3541 steps taken, and 645 accepted.
[1 : mcmc] Progress @ 2026-09-19 09:06:15 : 3877 steps taken, and 684 accepted.
[2 : mcmc] Progress @ 2026-09-19 09:06:20 : 3353 steps taken, and 626 accepted.
[0 : mcmc] Progress @ 2026-09-19 09:06:26 : 3405 steps taken, and 623 accepted.
[1 : mcmc] Progress @ 2026-09-19 09:07:15 : 3918 steps taken, and 693 accepted.
[3 : mcmc] Progress @ 2026-09-19 09:07:17 : 3590 steps taken, and 656 accepted.
[2 : mcmc] Progress @ 2026-09-19 09:07:20 : 3392 steps taken, and 633 accepted.
[0 : mcmc] Progress @ 2026-09-19 09:07:27 : 3435 steps taken, and 629 accepted.
[1 : mcmc] Progress @ 2026-09-19 09:08:23 : 3963 steps taken, and 702 accepted.
[2 : mcmc] Progress @ 2026-09-19 09:08:24 : 3442 steps taken, and 643 accepted.
[3 : mcmc] Progress @ 2026-09-19 09:08:32 : 3643 steps taken, and 668 accepted.
[0 : mcmc] Progress @ 2026-09-19 09:09:01 : 3463 steps taken, and 635 accepted.
[3 : mcmc] Progress @ 2026-09-19 09:11:05 : 3666 steps taken, and 673 accepted.
[2 : mcmc] Progress @ 2026-09-19 09:11:06 : 3476 steps taken, and 647 accepted.
[0 : mcmc] Progress @ 2026-09-19 09:11:06 : 3476 steps taken, and 638 accepted.
[1 : mcmc] Progress @ 2026-09-19 09:11:06 : 3981 steps taken, and 707 accepted.
[0 : mcmc] Progress @ 2026-09-19 09:12:06 : 3484 steps taken, and 638 accepted.
[3 : mcmc] Progress @ 2026-09-19 09:12:06 : 3674 steps taken, and 674 accepted.
[2 : mcmc] Progress @ 2026-09-19 09:12:06 : 3484 steps taken, and 649 accepted.
[1 : mcmc] Progress @ 2026-09-19 09:12:07 : 3989 steps taken, and 708 accepted.
[0 : mcmc] Progress @ 2026-09-19 09:13:06 : 3516 steps taken, and 644 accepted.
[1 : mcmc] Progress @ 2026-09-19 09:13:13 : 4024 steps taken, and 717 accepted.
[2 : mcmc] Progress @ 2026-09-19 09:13:16 : 3537 steps taken, and 657 accepted.
[3 : mcmc] Progress @ 2026-09-19 09:13:27 : 3699 steps taken, and 678 accepted.
[1 : mcmc] Learn + convergence test @ 720 samples accepted.
[1 : mcmc] Ready to check convergence and learn a new proposal covmat (waiting for the rest...)
[0 : mcmc] Progress @ 2026-09-19 09:14:06 : 3555 steps taken, and 650 accepted.
[1 : mcmc] Progress @ 2026-09-19 09:14:14 : 4053 steps taken, and 722 accepted.
[2 : mcmc] Progress @ 2026-09-19 09:14:16 : 3577 steps taken, and 666 accepted.
[3 : mcmc] Progress @ 2026-09-19 09:14:35 : 3714 steps taken, and 681 accepted.
[3 : mcmc] Progress @ 2026-09-19 09:16:35 : 3722 steps taken, and 684 accepted.
[0 : mcmc] Progress @ 2026-09-19 09:16:35 : 3578 steps taken, and 652 accepted.
