# ACTA-PROCEDENCIA {"commit": "a509d911044a3ca57b6ac29ad53622c8d5fb1847", "reproducible_desde_commit": true, "cambios_sin_commitear": [], "script": "archive/codigo/investigacion/open_problems/ssee_op5_hmcode.py", "script_sha256": "a77c5448282d0b9a057762fc2bfe2c12dd6ba026989eae79954954728faa7065", "nucleo_sha256": "5cec8af72d88f154116c5a532e42a9b6ff7a5b4c3d86bcc6921eabb246698993", "entradas": {}, "argv": ["-c"], "fecha": "2026-10-02T23:57:37", "host": "mike-System-Product-Name", "python": "3.12.3", "versiones": {}, "nucleos": {"OMP_NUM_THREADS": null, "MKL_NUM_THREADS": null, "OPENBLAS_NUM_THREADS": null, "OMPI_COMM_WORLD_SIZE": null}}
======================================================================
OP-5 (parcial): HMcode-2020 Baryonic Feedback en CLASS
======================================================================

✓ classy importado (CLASS vv3.3.4)

Parámetros SSEE:
  H₀ = 66.75 km/s/Mpc   Ω_m = 0.3199   Ω_fld = 0.6801
  w₀ = -0.8399   wₐ = -0.6700   n_s = 0.9656   h = 0.6675
  Ω_b h² = 0.02237   Ω_cdm h² = 0.12016

Baseline Paper 6: σ₈ = 0.742  →  S₈ = 0.766  (2.29σ DES)

----------------------------------------------------------------------
[1] Espectro lineal SSEE
----------------------------------------------------------------------
  ✓ CLASS lineal convergió
  σ₈ (lineal CLASS)  = 0.8282
  S₈ (lineal)        = 0.8552
  Tensión DES        = 4.18σ
  Tensión KiDS       = 4.46σ

  [Este es el σ₈ LINEAL; Paper 6 usa σ₈_eff=0.737 con WDM two-sector]

----------------------------------------------------------------------
[2] HMcode-2020 (halo model puro, sin retroalimentación bariónica)
----------------------------------------------------------------------
  ✓ CLASS HMcode-2020 convergió
  σ₈ (lineal, sin cambio) = 0.8282

  Boost HMcode vs lineal (k,Phm/Plin):
    k = 0.1 h/Mpc: 1.010×
    k = 0.3 h/Mpc: 1.519×
    k = 0.5 h/Mpc: 2.402×
    k = 1.0 h/Mpc: 5.669×
    k = 2.0 h/Mpc: 12.938×

----------------------------------------------------------------------
[3] HMcode-2020 + retroalimentación bariónica AGN
----------------------------------------------------------------------
  ✓ CLASS HMcode-2020_baryonic_feedback convergió

----------------------------------------------------------------------
[4] Factor de supresión bariónica en el rango de lensing
----------------------------------------------------------------------

  Fuente: CLASS HMcode-2020_baryonic_feedback

  B(k) = P_bar/P_hm por escala:
    k = 0.1 h/Mpc: B = 0.9974
    k = 0.3 h/Mpc: B = 0.9878
    k = 0.5 h/Mpc: B = 0.9765
    k = 1.0 h/Mpc: B = 0.9560
    k = 2.0 h/Mpc: B = 0.9203

  B_eff (integrado, peso k, rango lensing) = 0.94471
  Supresión efectiva = 5.53%
  B_sigma8 (ratio top-hat integral, k<2 h/Mpc) = 0.99563
  Supresión σ₈ efectiva = 0.44%

----------------------------------------------------------------------
[5] Tensión S₈ con supresión bariónica aplicada al baseline Paper 6
----------------------------------------------------------------------

  Baseline Paper 6: σ₈_eff = 0.742  →  S₈ = 0.766
  [Incluye: MIRA Ω_m=0.320, WDM two-sector φ-DM 36.95 eV, k_fs=0.659 h/Mpc (canónico P6)]

  Escenario                                         S₈    DES σ   KiDS σ
  --------------------------------------------- ------ -------- --------
  ΛCDM línea base                                0.820     2.65σ    2.70σ
  Paper 6 baseline (φ-DM + WDM)                  0.766     0.30σ    0.00σ
  + HMcode-2020 baryonic (Mead+20)               0.763     0.16σ   -0.17σ
  DES Y3 obs (S₈=0.759)                          0.759     0.00σ   -0.35σ
  KiDS-1000 obs (S₈=0.766)                       0.766     0.30σ    0.00σ

  Reducción de tensión DES: 0.30σ → 0.16σ
  Mejora: Δσ = 0.15σ  (48% de reducción)

----------------------------------------------------------------------
[6] Proyección N-body completo (Nivel 2 — supercomputadora)
----------------------------------------------------------------------

  HMcode-2020 captura ~60–70% de la supresión bariónica observada en
  simulaciones N-body (BAHAMAS, EAGLE, IllustrisTNG).

  Rango esperado de supresión adicional N-body:
    ΔB_sigma8^N-body ~ 0.03–0.07 adicional (McCarthy+2017, Chisari+2019)

  S₈ estimado con N-body:
    S₈^N-body ≈ 0.763 × (1 − 0.03 a 0.07)
              ≈ 0.740 – 0.709

  Tensión DES estimada:
    Optimista:   (0.709 − 0.759) / 0.023 = -2.16σ
    Conservador: (0.740 − 0.759) / 0.023 = -0.84σ

  Recursos necesarios (Nivel 2):
    BAHAMAS-SSEE: ~5,000–10,000 CPU-horas (costo ~USD 500–1,000)
    IllustrisTNG-SSEE: ~10,000–20,000 CPU-horas (costo ~USD 1,000–2,000)

  FALSIFICACIÓN:
    Si N-body produce S₈ < 0.785 → OP-5 resuelto (<1.2σ DES)
    Si N-body produce S₈ > 0.800 → física adicional requerida
    (candidato: neutrinos masivos Σm_ν > 0.12 eV con prior CMB)

======================================================================
CONCLUSIÓN: OP-5 PARCIALMENTE RESUELTO (Nivel 1 laptop)
======================================================================

Supresión bariónica HMcode-2020 en CLASS:
  Fuente: CLASS HMcode-2020_baryonic_feedback

  B_eff (lensing) = 0.9447  →  supresión 5.53% en P(k)
  B_sigma8        = 0.9956  →  supresión 0.44% en σ₈_eff

Tensiones S₈ (baseline Paper 6 → aplicando supresión bariónica):
  DES Y3:   0.30σ → 0.16σ
  KiDS-1000: 0.00σ → 0.17σ

Mejora HMcode (Nivel 1): 0.15σ menos tensión DES
Estimación N-body (Nivel 2): tensión DES ≈ -1.50σ (proyectado)

RESIDUAL: Resolución definitiva (<1σ) requiere simulaciones N-body
bariónicas SSEE (~5,000–20,000 CPU-horas, HPC/cloud).

