{
 "pregunta": "acotar la cache de CAMB a 3 mueve el loglike de los logs de cobaya_kids.py?",
 "respuesta": "no",
 "commit_del_cambio": "8a41450",
 "casos": [
  {
   "log": "kids_ssee_wc_h",
   "entrada": "loglike_ssee_wc_h",
   "commit_del_log": "8c9f166258fe",
   "evaluaciones": 13,
   "max_dif_antes_ahora": 0.0,
   "control_cache_rota_dif": 4.503316332917336,
   "ok": true,
   "antes": [
    -153.3901129110897,
    -152.28130561034195,
    -156.00907737085492,
    -147.4291435811869,
    -146.74269718222948,
    -149.61934722786685,
    -170.62604286470352,
    -167.97339330773437,
    -175.12935919762086,
    -143.50264955899507,
    -143.38183220897926,
    -144.83918864977363,
    -153.3901129110897
   ],
   "ahora": [
    -153.3901129110897,
    -152.28130561034195,
    -156.00907737085492,
    -147.4291435811869,
    -146.74269718222948,
    -149.61934722786685,
    -170.62604286470352,
    -167.97339330773437,
    -175.12935919762086,
    -143.50264955899507,
    -143.38183220897926,
    -144.83918864977363,
    -153.3901129110897
   ],
   "rota": [
    -153.3901129110897,
    -152.28130561034195,
    -153.3901129110897,
    -147.4291435811869,
    -146.74269718222948,
    -147.4291435811869,
    -170.62604286470352,
    -167.97339330773437,
    -170.62604286470352,
    -143.50264955899507,
    -143.38183220897926,
    -143.50264955899507,
    -153.3901129110897
   ]
  },
  {
   "log": "kids_lcdm_fondofijo_reparto",
   "entrada": "loglike_lcdm_fijo",
   "commit_del_log": "62bf28453719",
   "evaluaciones": 13,
   "max_dif_antes_ahora": 0.0,
   "control_cache_rota_dif": 4.077626375803618,
   "ok": true,
   "antes": [
    -150.6667788788325,
    -149.4943174402731,
    -152.87475257127602,
    -145.95012419451052,
    -145.0834510198817,
    -147.75564603847542,
    -166.27271030900312,
    -163.70356909604192,
    -170.35033668480673,
    -139.99095730982165,
    -140.00442652205965,
    -140.58928441974837,
    -150.6667788788325
   ],
   "ahora": [
    -150.6667788788325,
    -149.4943174402731,
    -152.87475257127602,
    -145.95012419451052,
    -145.0834510198817,
    -147.75564603847542,
    -166.27271030900312,
    -163.70356909604192,
    -170.35033668480673,
    -139.99095730982165,
    -140.00442652205965,
    -140.58928441974837,
    -150.6667788788325
   ],
   "rota": [
    -150.6667788788325,
    -149.4943174402731,
    -150.6667788788325,
    -145.95012419451052,
    -145.0834510198817,
    -145.95012419451052,
    -166.27271030900312,
    -163.70356909604192,
    -166.27271030900312,
    -139.99095730982165,
    -140.00442652205965,
    -139.99095730982165,
    -150.6667788788325
   ]
  },
  {
   "log": "kids_lcdm_fondofijo_SIN_REPARTO_20260908",
   "entrada": "loglike_lcdm_fijo",
   "commit_del_log": "415cfc35ea74",
   "evaluaciones": 13,
   "max_dif_antes_ahora": 0.0,
   "control_cache_rota_dif": 4.077626375803618,
   "ok": true,
   "antes": [
    -150.6667788788325,
    -149.4943174402731,
    -152.87475257127602,
    -145.95012419451052,
    -145.0834510198817,
    -147.75564603847542,
    -166.27271030900312,
    -163.70356909604192,
    -170.35033668480673,
    -139.99095730982165,
    -140.00442652205965,
    -140.58928441974837,
    -150.6667788788325
   ],
   "ahora": [
    -150.6667788788325,
    -149.4943174402731,
    -152.87475257127602,
    -145.95012419451052,
    -145.0834510198817,
    -147.75564603847542,
    -166.27271030900312,
    -163.70356909604192,
    -170.35033668480673,
    -139.99095730982165,
    -140.00442652205965,
    -140.58928441974837,
    -150.6667788788325
   ],
   "rota": [
    -150.6667788788325,
    -149.4943174402731,
    -150.6667788788325,
    -145.95012419451052,
    -145.0834510198817,
    -145.95012419451052,
    -166.27271030900312,
    -163.70356909604192,
    -166.27271030900312,
    -139.99095730982165,
    -140.00442652205965,
    -139.99095730982165,
    -150.6667788788325
   ]
  },
  {
   "log": "R4_lcdm_resume_20260805",
   "entrada": "loglike_lcdm",
   "commit_del_log": "d849df0ec72a",
   "evaluaciones": 13,
   "max_dif_antes_ahora": 0.0,
   "control_cache_rota_dif": 4.598076568717943,
   "ok": true,
   "antes": [
    -147.03805644304754,
    -146.20884738996293,
    -148.8860669067983,
    -139.41792803250823,
    -139.40225081587306,
    -140.31803674663826,
    -172.39132624853775,
    -169.37554022084558,
    -176.9894028172557,
    -137.87443190265955,
    -138.51572276313914,
    -137.7925224302396,
    -147.03805644304754
   ],
   "ahora": [
    -147.03805644304754,
    -146.20884738996293,
    -148.8860669067983,
    -139.41792803250823,
    -139.40225081587306,
    -140.31803674663826,
    -172.39132624853775,
    -169.37554022084558,
    -176.9894028172557,
    -137.87443190265955,
    -138.51572276313914,
    -137.7925224302396,
    -147.03805644304754
   ],
   "rota": [
    -147.03805644304754,
    -146.20884738996293,
    -147.03805644304754,
    -139.41792803250823,
    -139.40225081587306,
    -139.41792803250823,
    -172.39132624853775,
    -169.37554022084558,
    -172.39132624853775,
    -137.87443190265955,
    -138.51572276313914,
    -137.87443190265955,
    -147.03805644304754
   ]
  }
 ]
}