================================================================================================
  BARRIDO FINO beta_c en [+0.10, +0.24] — ¿un punto cumple las DOS?
================================================================================================
  objetivo 1:  w_eff(a=1) = w0 = -0.839950
  objetivo 2:  Om_DE(z=9) < 0.03

     beta_c   w_eff(a=1)     |w-w0|    DE(z=9)    alpha_K    seg  estado
  ----------------------------------------------------------------------------------------
     0.1000    -0.892879   0.052929   0.011928   0.222100    3.8  DE ok, w lejos (+0.0529)
            CONTROL vs barrido grueso: w -0.892879 / DE 0.011928  ->  REPRODUCE
     0.1050    -0.891029   0.051079   0.012819   0.225936    4.0  DE ok, w lejos (+0.0511)
     0.1100    -0.889169   0.049219   0.013745   0.229793    4.0  DE ok, w lejos (+0.0492)
     0.1150    -0.887298   0.047348   0.014706   0.233672    3.9  DE ok, w lejos (+0.0473)
     0.1200    -0.885416   0.045467   0.015700   0.237573    3.9  DE ok, w lejos (+0.0455)
     0.1250    -0.883525   0.043575   0.016728   0.241494    4.0  DE ok, w lejos (+0.0436)
     0.1300    -0.881624   0.041675   0.017787   0.245435    3.9  DE ok, w lejos (+0.0417)
     0.1350    -0.879714   0.039765   0.018877   0.249395    4.2  DE ok, w lejos (+0.0398)
     0.1400    -0.877795   0.037845   0.019997   0.253375    4.6  DE ok, w lejos (+0.0378)
     0.1450    -0.875867   0.035917   0.021145   0.257373    4.2  DE ok, w lejos (+0.0359)
     0.1500    -0.873930   0.033980   0.022321   0.261388    4.2  DE ok, w lejos (+0.0340)
     0.1550    -0.871985   0.032035   0.023524   0.265421    4.2  DE ok, w lejos (+0.0320)
     0.1600    -0.870032   0.030082   0.024752   0.269471    4.3  DE ok, w lejos (+0.0301)
     0.1650    -0.868071   0.028121   0.026003   0.273537    4.5  DE ok, w lejos (+0.0281)
     0.1700    -0.866102   0.026152   0.027278   0.277618    4.5  DE ok, w lejos (+0.0262)
     0.1750    -0.864127   0.024177   0.028573   0.281714    4.5  DE ok, w lejos (+0.0242)
     0.1800    -0.862144   0.022194   0.029889   0.285824    4.5  DE ok, w lejos (+0.0222)
     0.1850    -0.860155   0.020205   0.031224   0.289948    5.6  EXCLUIDO: DE 3.1%
     0.1900    -0.858160   0.018210   0.032576   0.294085    5.0  EXCLUIDO: DE 3.3%
     0.1950    -0.856159   0.016209   0.033944   0.298234    4.7  EXCLUIDO: DE 3.4%
     0.2000    -0.854152   0.014202   0.035326   0.302395    4.7  EXCLUIDO: DE 3.5%
     0.2050    -0.852140   0.012190   0.036721   0.306566    4.9  EXCLUIDO: DE 3.7%
     0.2100    -0.850123   0.010173   0.038128   0.310748    4.7  EXCLUIDO: DE 3.8%
     0.2150    -0.848102   0.008152   0.039545   0.314939    4.9  EXCLUIDO: DE 4.0%
     0.2200    -0.846076   0.006126   0.040970   0.319140    4.7  EXCLUIDO: DE 4.1%
     0.2250    -0.844046   0.004096   0.042402   0.323348    4.9  EXCLUIDO: DE 4.2%
     0.2300    -0.842013   0.002063   0.043840   0.327564    5.3  EXCLUIDO: DE 4.4%
     0.2350    -0.839977   0.000027   0.045282   0.331786    6.3  EXCLUIDO: DE 4.5%
     0.2351    -0.839949   0.000001   0.045301   0.331843    5.2  EXCLUIDO: DE 4.5%
            CONTROL vs barrido grueso: w -0.839949 / DE 0.045301  ->  REPRODUCE
     0.2400    -0.837937   0.002013   0.046725   0.336014    5.3  EXCLUIDO: DE 4.7%
     0.2450    -0.835895   0.004054   0.048170   0.340248    5.3  EXCLUIDO: DE 4.8%

  ========================================================================================
  Control: reproduce los 2 puntos conocidos.
  RESULTADO: NINGUN punto cumple las dos.
  El problema es REAL, y queda dicho con precision: dentro del
  acoplamiento CONFORMAL no existe beta_c que reproduzca w0 sin
  pasarse del limite de energia oscura temprana.
  Lo mas cerca de w0 con DE<3%: beta_c=0.1800, w_eff=-0.862144, a 0.0222 de w0 (DE 2.99%)
