========================================================================================================
  REJILLA EXTENDIDA — 8 casillas nuevas
  tope por omega_c (10 %): om_x <= 0.01195
  limite de A_s heredado: |dlogA| <= 0.0291
========================================================================================================
  z1 NGC: 37 puntos  Hartlap=0.9814
  z1 NGC: 37 puntos  Hartlap=0.9814
  z1 NGC: 37 puntos  Hartlap=0.9814
  z1 NGC: 37 puntos  Hartlap=0.9814
  z1 SGC: 37 puntos  Hartlap=0.9814
  z1 SGC: 37 puntos  Hartlap=0.9814
  z1 SGC: 37 puntos  Hartlap=0.9814
  z1 SGC: 37 puntos  Hartlap=0.9814
  z2 NGC: 37 puntos  Hartlap=0.9814
  z2 NGC: 37 puntos  Hartlap=0.9814
  z2 NGC: 37 puntos  Hartlap=0.9814
  z2 NGC: 37 puntos  Hartlap=0.9814
  z2 SGC: 37 puntos  Hartlap=0.9814
  z2 SGC: 37 puntos  Hartlap=0.9814
  z2 SGC: 37 puntos  Hartlap=0.9814
  z2 SGC: 37 puntos  Hartlap=0.9814
  z3 NGC: 37 puntos  Hartlap=0.9814
  z3 NGC: 37 puntos  Hartlap=0.9814
  z3 NGC: 37 puntos  Hartlap=0.9814
  z3 NGC: 37 puntos  Hartlap=0.9814
  z3 SGC: 37 puntos  Hartlap=0.9814

[SSEE] fondo FIJO: Om=0.308881 w0=-0.8399 wa=-0.6700
  z3 SGC: 37 puntos  Hartlap=0.9814

[SSEE] fondo FIJO: Om=0.308881 w0=-0.8399 wa=-0.6700
  z3 SGC: 37 puntos  Hartlap=0.9814

[SSEE] fondo FIJO: Om=0.308881 w0=-0.8399 wa=-0.6700
  z3 SGC: 37 puntos  Hartlap=0.9814

[SSEE] fondo FIJO: Om=0.308881 w0=-0.8399 wa=-0.6700
    logA=2.6000  chi2=204.239
    logA=2.6000  chi2=205.076
    logA=2.6000  chi2=203.687
    logA=2.6000  chi2=218.553
    logA=2.6500  chi2=201.853
    logA=2.6500  chi2=202.635
    logA=2.6500  chi2=203.621
    logA=2.6500  chi2=201.355
    logA=2.7000  chi2=199.780
    logA=2.7000  chi2=200.596
    logA=2.7000  chi2=201.397
    logA=2.7000  chi2=199.331
    logA=2.7500  chi2=198.031
    logA=2.7500  chi2=198.584
    logA=2.7500  chi2=199.576
    logA=2.7500  chi2=197.625
    logA=2.8000  chi2=196.614
    logA=2.8000  chi2=197.038
    logA=2.8000  chi2=198.188
    logA=2.8000  chi2=196.172
    logA=2.8500  chi2=195.512
    logA=2.8500  chi2=195.816
    logA=2.8500  chi2=196.405
    logA=2.8500  chi2=194.987
    logA=2.9000  chi2=194.714
    logA=2.9000  chi2=194.922
    logA=2.9000  chi2=195.373
    logA=2.9000  chi2=194.155
    logA=2.9500  chi2=194.087
    logA=2.9500  chi2=194.339
    logA=2.9500  chi2=194.639
    logA=3.0000  chi2=193.806
    logA=2.9500  chi2=193.619
    logA=3.0000  chi2=193.961
    logA=3.0000  chi2=194.176
    logA=3.0500  chi2=193.735
    logA=3.0000  chi2=193.311
    logA=3.0500  chi2=193.653
    logA=3.0500  chi2=193.911
    logA=3.1000  chi2=193.843
    logA=3.1000  chi2=193.627
    logA=3.0500  chi2=193.056
    logA=3.1000  chi2=193.755
    logA=3.1500  chi2=194.117
    logA=3.1000  chi2=192.947
    logA=3.1500  chi2=193.125
    logA=3.1500  chi2=193.730
    logA=3.2000  chi2=194.842
    logA=3.1500  chi2=193.062
    logA=3.2000  chi2=193.552
    logA=3.2000  chi2=194.082
    logA=3.2500  chi2=197.090
    logA=3.2500  chi2=195.215
    logA=3.2000  chi2=194.006
    logA=3.2500  chi2=195.497
    logA=3.3000  chi2=202.169
    logA=3.3000  chi2=199.361
    logA=3.3000  chi2=199.103
    logA=3.2500  chi2=196.917
    logA=3.3500  chi2=210.366
    logA=3.3500  chi2=206.562
    logA=3.3500  chi2=206.276
    logA=3.3000  chi2=202.760
    logA=3.4000  chi2=222.132
  chi2 = 193.734  dof = 185  chi2/dof = 1.0472
  logA = 3.04484 +- 0.16768
    z1 NGC: f*sigma8 = 0.40789
    z1 SGC: f*sigma8 = 0.40789
    z2 NGC: f*sigma8 = 0.40936
    z2 SGC: f*sigma8 = 0.40936
    z3 NGC: f*sigma8 = 0.40711
    z3 SGC: f*sigma8 = 0.40711
    logA=3.4000  chi2=218.419
  chi2 = 193.125  dof = 185  chi2/dof = 1.0439
  logA = 3.15202 +- 0.07340
    z1 NGC: f*sigma8 = 0.41886
    z1 SGC: f*sigma8 = 0.41886
    z2 NGC: f*sigma8 = 0.42038
    z2 SGC: f*sigma8 = 0.42038
    z3 NGC: f*sigma8 = 0.41807
    z3 SGC: f*sigma8 = 0.41807
    logA=3.4000  chi2=215.451
  chi2 = 193.694  dof = 185  chi2/dof = 1.0470
  logA = 3.12832 +- 0.11512
    z1 NGC: f*sigma8 = 0.40266
    z1 SGC: f*sigma8 = 0.40266
    z2 NGC: f*sigma8 = 0.40413
    z2 SGC: f*sigma8 = 0.40413
    z3 NGC: f*sigma8 = 0.40192
    z3 SGC: f*sigma8 = 0.40192
    logA=3.3500  chi2=212.658
    logA=3.4000  chi2=226.966
  chi2 = 192.947  dof = 185  chi2/dof = 1.0430
  logA = 3.09934 +- 0.14890
    z1 NGC: f*sigma8 = 0.43038
    z1 SGC: f*sigma8 = 0.43038
    z2 NGC: f*sigma8 = 0.43193
    z2 SGC: f*sigma8 = 0.43193
    z3 NGC: f*sigma8 = 0.42955
    z3 SGC: f*sigma8 = 0.42955
[camb] `camb` module loaded successfully from /home/mike/Proyectos/SSEE/eftcamb_ssee/camb
[planck_2018_highl_plik.ttteee_lite] `clipy` module loaded successfully from /home/mike/cobaya_packages/code/planck/clipy/clipy
----
clipy_0.15
Checking likelihood '/home/mike/cobaya_packages/data/planck_2018/baseline/plc_3.0/hi_l/plik_lite/plik_lite_v22_TTTEEE.clik' on test data. got -292.286 expected -292.286 (diff -3.86217e-09)
----
before crop : TT 30 -> 2508, TE 30 -> 1996, EE 30 -> 1996
after crop  : TT 30 -> 2508, TE 30 -> 1996, EE 30 -> 1996
[camb] `camb` module loaded successfully from /home/mike/Proyectos/SSEE/eftcamb_ssee/camb
[planck_2018_highl_plik.ttteee_lite] `clipy` module loaded successfully from /home/mike/cobaya_packages/code/planck/clipy/clipy
----
clipy_0.15
Checking likelihood '/home/mike/cobaya_packages/data/planck_2018/baseline/plc_3.0/hi_l/plik_lite/plik_lite_v22_TTTEEE.clik' on test data. got -292.286 expected -292.286 (diff -3.86217e-09)
----
before crop : TT 30 -> 2508, TE 30 -> 1996, EE 30 -> 1996
after crop  : TT 30 -> 2508, TE 30 -> 1996, EE 30 -> 1996
  m_x=   4.0 om_x=0.0080 dNeff=0.1078 | logA*=3.0450 (+0.12 sig CMB) | CMB   1034.89 KiDS   268.33 BOSS   193.08 | TOT    1496.30 
  z1 NGC: 37 puntos  Hartlap=0.9814
  z1 SGC: 37 puntos  Hartlap=0.9814
  z2 NGC: 37 puntos  Hartlap=0.9814
  z2 SGC: 37 puntos  Hartlap=0.9814
  z3 NGC: 37 puntos  Hartlap=0.9814
  z3 SGC: 37 puntos  Hartlap=0.9814

[SSEE] fondo FIJO: Om=0.308881 w0=-0.8399 wa=-0.6700
[camb] `camb` module loaded successfully from /home/mike/Proyectos/SSEE/eftcamb_ssee/camb
[planck_2018_highl_plik.ttteee_lite] `clipy` module loaded successfully from /home/mike/cobaya_packages/code/planck/clipy/clipy
----
clipy_0.15
Checking likelihood '/home/mike/cobaya_packages/data/planck_2018/baseline/plc_3.0/hi_l/plik_lite/plik_lite_v22_TTTEEE.clik' on test data. got -292.286 expected -292.286 (diff -3.86217e-09)
----
before crop : TT 30 -> 2508, TE 30 -> 1996, EE 30 -> 1996
after crop  : TT 30 -> 2508, TE 30 -> 1996, EE 30 -> 1996
    logA=2.6000  chi2=204.805
    logA=2.6500  chi2=201.665
    logA=2.7000  chi2=199.660
    logA=2.7500  chi2=198.032
  m_x=   4.0 om_x=0.0095 dNeff=0.1356 | logA*=3.0450 (+0.12 sig CMB) | CMB   1054.51 KiDS   274.46 BOSS   193.74 | TOT    1522.71 
  z1 NGC: 37 puntos  Hartlap=0.9814
  z1 SGC: 37 puntos  Hartlap=0.9814
  z2 NGC: 37 puntos  Hartlap=0.9814
  z2 SGC: 37 puntos  Hartlap=0.9814
  z3 NGC: 37 puntos  Hartlap=0.9814
    logA=2.8000  chi2=196.782
  z3 SGC: 37 puntos  Hartlap=0.9814

[SSEE] fondo FIJO: Om=0.308881 w0=-0.8399 wa=-0.6700
    logA=2.8500  chi2=195.881
    logA=2.6000  chi2=203.445
    logA=2.9000  chi2=195.141
[camb] `camb` module loaded successfully from /home/mike/Proyectos/SSEE/eftcamb_ssee/camb
[planck_2018_highl_plik.ttteee_lite] `clipy` module loaded successfully from /home/mike/cobaya_packages/code/planck/clipy/clipy
----
clipy_0.15
Checking likelihood '/home/mike/cobaya_packages/data/planck_2018/baseline/plc_3.0/hi_l/plik_lite/plik_lite_v22_TTTEEE.clik' on test data. got -292.286 expected -292.286 (diff -3.86217e-09)
----
before crop : TT 30 -> 2508, TE 30 -> 1996, EE 30 -> 1996
after crop  : TT 30 -> 2508, TE 30 -> 1996, EE 30 -> 1996
    logA=2.6500  chi2=201.149
  m_x=   4.0 om_x=0.0110 dNeff=0.1648 | logA*=3.0450 (+0.12 sig CMB) | CMB   1080.88 KiDS   283.57 BOSS   193.68 | TOT    1558.13 
    logA=2.9500  chi2=194.710
  z1 NGC: 37 puntos  Hartlap=0.9814
    logA=2.7000  chi2=199.178
  z1 SGC: 37 puntos  Hartlap=0.9814
  z2 NGC: 37 puntos  Hartlap=0.9814
  z2 SGC: 37 puntos  Hartlap=0.9814
  z3 NGC: 37 puntos  Hartlap=0.9814
  z3 SGC: 37 puntos  Hartlap=0.9814

[SSEE] fondo FIJO: Om=0.308881 w0=-0.8399 wa=-0.6700
    logA=3.0000  chi2=194.608
    logA=2.7500  chi2=197.550
    logA=2.6000  chi2=203.844
    logA=3.0500  chi2=194.725
    logA=2.8000  chi2=196.278
    logA=2.6500  chi2=201.269
    logA=3.1000  chi2=195.192
    logA=2.8500  chi2=195.336
    logA=2.7000  chi2=199.189
    logA=2.9000  chi2=194.713
    logA=3.1500  chi2=196.564
    logA=2.7500  chi2=197.498
    logA=2.9500  chi2=194.034
    logA=3.2000  chi2=199.375
    logA=2.8000  chi2=195.840
    logA=3.0000  chi2=193.818
    logA=3.2500  chi2=204.351
    logA=2.8500  chi2=194.830
    logA=3.0500  chi2=193.918
  m_x=   4.0 om_x=0.0125 dNeff=0.1954 | logA*=3.0725 (+2.02 sig CMB) | CMB   1118.98 KiDS   290.57 BOSS   193.84 | TOT    1603.38 RECHAZADA
  z1 NGC: 37 puntos  Hartlap=0.9814
  z1 SGC: 37 puntos  Hartlap=0.9814
    logA=3.3000  chi2=212.730
  z2 NGC: 37 puntos  Hartlap=0.9814
  z2 SGC: 37 puntos  Hartlap=0.9814
  z3 NGC: 37 puntos  Hartlap=0.9814
    logA=2.9000  chi2=194.132
  z3 SGC: 37 puntos  Hartlap=0.9814

[SSEE] fondo FIJO: Om=0.308881 w0=-0.8399 wa=-0.6700
    logA=3.1000  chi2=194.297
    logA=3.3500  chi2=225.652
    logA=2.9500  chi2=193.368
    logA=3.1500  chi2=195.146
    logA=2.6000  chi2=202.876
    logA=3.4000  chi2=244.411
  chi2 = 194.608  dof = 185  chi2/dof = 1.0519
  logA = 2.99823 +- 0.15120
    z1 NGC: f*sigma8 = 0.42887
    z1 SGC: f*sigma8 = 0.42887
    z2 NGC: f*sigma8 = 0.43039
    z2 SGC: f*sigma8 = 0.43039
    z3 NGC: f*sigma8 = 0.42800
    z3 SGC: f*sigma8 = 0.42800
    logA=3.0000  chi2=193.049
    logA=2.6500  chi2=200.563
    logA=3.2000  chi2=197.419
    logA=3.0500  chi2=193.046
    logA=2.7000  chi2=198.551
    logA=3.2500  chi2=202.016
    logA=3.1000  chi2=193.317
    logA=2.7500  chi2=196.826
    logA=3.3000  chi2=210.243
    logA=3.1500  chi2=194.054
    logA=2.8000  chi2=195.422
    logA=3.3500  chi2=223.252
    logA=3.2000  chi2=196.173
    logA=2.8500  chi2=194.341
    logA=3.4000  chi2=241.512
  chi2 = 193.813  dof = 185  chi2/dof = 1.0476
  logA = 3.00914 +- 0.12579
    z1 NGC: f*sigma8 = 0.42395
    z1 SGC: f*sigma8 = 0.42395
    z2 NGC: f*sigma8 = 0.42546
    z2 SGC: f*sigma8 = 0.42546
    z3 NGC: f*sigma8 = 0.42309
    z3 SGC: f*sigma8 = 0.42309
    logA=3.2500  chi2=200.606
    logA=2.9000  chi2=193.570
    logA=2.9500  chi2=192.738
    logA=3.3000  chi2=208.610
    logA=3.0000  chi2=192.324
    logA=3.3500  chi2=221.279
    logA=3.0500  chi2=192.227
    logA=3.4000  chi2=239.113
  chi2 = 193.014  dof = 185  chi2/dof = 1.0433
  logA = 3.02551 +- 0.13510
    z1 NGC: f*sigma8 = 0.42000
    z1 SGC: f*sigma8 = 0.42000
    z2 NGC: f*sigma8 = 0.42150
    z2 SGC: f*sigma8 = 0.42150
    z3 NGC: f*sigma8 = 0.41916
    z3 SGC: f*sigma8 = 0.41916
    logA=3.1000  chi2=192.402
    logA=3.1500  chi2=193.044
    logA=3.2000  chi2=195.000
    logA=3.2500  chi2=199.221
    logA=3.3000  chi2=206.956
    logA=3.3500  chi2=219.236
    logA=3.4000  chi2=236.620
  chi2 = 192.225  dof = 185  chi2/dof = 1.0391
  logA = 3.04279 +- 0.13579
    z1 NGC: f*sigma8 = 0.41608
    z1 SGC: f*sigma8 = 0.41608
    z2 NGC: f*sigma8 = 0.41757
    z2 SGC: f*sigma8 = 0.41757
    z3 NGC: f*sigma8 = 0.41525
    z3 SGC: f*sigma8 = 0.41525
[camb] `camb` module loaded successfully from /home/mike/Proyectos/SSEE/eftcamb_ssee/camb
[planck_2018_highl_plik.ttteee_lite] `clipy` module loaded successfully from /home/mike/cobaya_packages/code/planck/clipy/clipy
----
clipy_0.15
Checking likelihood '/home/mike/cobaya_packages/data/planck_2018/baseline/plc_3.0/hi_l/plik_lite/plik_lite_v22_TTTEEE.clik' on test data. got -292.286 expected -292.286 (diff -3.86217e-09)
----
before crop : TT 30 -> 2508, TE 30 -> 1996, EE 30 -> 1996
after crop  : TT 30 -> 2508, TE 30 -> 1996, EE 30 -> 1996
[camb] `camb` module loaded successfully from /home/mike/Proyectos/SSEE/eftcamb_ssee/camb
[planck_2018_highl_plik.ttteee_lite] `clipy` module loaded successfully from /home/mike/cobaya_packages/code/planck/clipy/clipy
----
clipy_0.15
Checking likelihood '/home/mike/cobaya_packages/data/planck_2018/baseline/plc_3.0/hi_l/plik_lite/plik_lite_v22_TTTEEE.clik' on test data. got -292.286 expected -292.286 (diff -3.86217e-09)
----
before crop : TT 30 -> 2508, TE 30 -> 1996, EE 30 -> 1996
after crop  : TT 30 -> 2508, TE 30 -> 1996, EE 30 -> 1996
[camb] `camb` module loaded successfully from /home/mike/Proyectos/SSEE/eftcamb_ssee/camb
[planck_2018_highl_plik.ttteee_lite] `clipy` module loaded successfully from /home/mike/cobaya_packages/code/planck/clipy/clipy
----
clipy_0.15
Checking likelihood '/home/mike/cobaya_packages/data/planck_2018/baseline/plc_3.0/hi_l/plik_lite/plik_lite_v22_TTTEEE.clik' on test data. got -292.286 expected -292.286 (diff -3.86217e-09)
----
before crop : TT 30 -> 2508, TE 30 -> 1996, EE 30 -> 1996
after crop  : TT 30 -> 2508, TE 30 -> 1996, EE 30 -> 1996
  m_x=   7.5 om_x=0.0080 dNeff=0.0466 | logA*=3.0450 (+0.12 sig CMB) | CMB   1008.49 KiDS   267.04 BOSS   194.71 | TOT    1470.25 
  m_x=   7.5 om_x=0.0095 dNeff=0.0586 | logA*=3.0450 (+0.12 sig CMB) | CMB   1011.00 KiDS   266.62 BOSS   193.91 | TOT    1471.53 
  m_x=   7.5 om_x=0.0110 dNeff=0.0713 | logA*=3.0450 (+0.12 sig CMB) | CMB   1014.30 KiDS   268.28 BOSS   193.05 | TOT    1475.62 
[camb] `camb` module loaded successfully from /home/mike/Proyectos/SSEE/eftcamb_ssee/camb
[planck_2018_highl_plik.ttteee_lite] `clipy` module loaded successfully from /home/mike/cobaya_packages/code/planck/clipy/clipy
----
clipy_0.15
Checking likelihood '/home/mike/cobaya_packages/data/planck_2018/baseline/plc_3.0/hi_l/plik_lite/plik_lite_v22_TTTEEE.clik' on test data. got -292.286 expected -292.286 (diff -3.86217e-09)
----
before crop : TT 30 -> 2508, TE 30 -> 1996, EE 30 -> 1996
after crop  : TT 30 -> 2508, TE 30 -> 1996, EE 30 -> 1996
  m_x=   7.5 om_x=0.0125 dNeff=0.0845 | logA*=3.0450 (+0.12 sig CMB) | CMB   1018.50 KiDS   271.99 BOSS   192.24 | TOT    1482.73 

    m_x     om_x   %om_c      logA    sigCMB      TOTAL     dchi2 
    7.5   0.0080    6.7%    3.0450     +0.12    1470.25    -11.45 
    7.5   0.0065    5.4%    3.0450     +0.12    1470.83    -10.87 
    7.5   0.0095    7.9%    3.0450     +0.12    1471.53    -10.17 
    4.0   0.0035    2.9%    3.0450     +0.12    1472.25     -9.45 
    7.5   0.0050    4.2%    3.0450     +0.12    1472.57     -9.13 
    4.0   0.0050    4.2%    3.0450     +0.12    1473.39     -8.31 
    2.2   0.0020    1.7%    3.0450     +0.12    1474.74     -6.96 
    7.5   0.0035    2.9%    3.0175     -1.77    1475.09     -6.61 
    4.0   0.0020    1.7%    3.0175     -1.77    1475.21     -6.49 
    7.5   0.0110    9.2%    3.0450     +0.12    1475.62     -6.08 
   15.0   0.0065    5.4%    3.0175     -1.77    1475.68     -6.02 
   15.0   0.0050    4.2%    3.0175     -1.77    1477.00     -4.70 
    7.5   0.0020    1.7%    3.0175     -1.77    1477.66     -4.04 
   15.0   0.0035    2.9%    3.0175     -1.77    1478.37     -3.33 

  MEJOR DENTRO DE LOS DOS LIMITES: m_x=7.5 om_x=0.0080 (6.7 % de omega_c)  TOT 1470.25  dchi2 -11.45
  VEREDICTO: hay minimo propio dentro de los limites: el punto de equilibrio existe y el dchi2 se puede leer

escrito -> results/logs/growth_2026-07/rejilla_extendida.json (8.41 h)
