[   0.0m] ======================================================================
[   0.0m] SSEE-V3.6 — MCMC PRODUCCIÓN bajo prior H_alg (67.962, reframe ω_m-directo)
[   0.0m] ======================================================================
[   0.0m]   Ω_m,total (geometría) = 0.30889320  |  Ω_cdm,sector = 0.16005023
[   0.0m]   Ω_m,CMB (ω_m/h², reframe) = 0.30889  (sin factor; OP-8 cerrado)
[   0.0m]   w0 = -0.8399497713,  wa = -0.6699748857
[   0.0m]   H0_alg = 67.962137
[   0.0m] 
Burn-in 5000 steps...
[   5.5m] Burn-in OK. Producción...
[   6.1m]   500/25000 steps  accept=0.711
[   6.6m]   1000/25000 steps  accept=0.715
[   7.2m]   1500/25000 steps  accept=0.714
[   7.7m]   2000/25000 steps  accept=0.713
[   8.3m]   2500/25000 steps  accept=0.714
[   8.8m]   3000/25000 steps  accept=0.715
[   9.4m]   3500/25000 steps  accept=0.715
[   9.9m]   4000/25000 steps  accept=0.715
[  10.5m]   4500/25000 steps  accept=0.715
[  11.1m]   5000/25000 steps  accept=0.715
[  11.6m]   5500/25000 steps  accept=0.715
[  12.2m]   6000/25000 steps  accept=0.714
[  12.7m]   6500/25000 steps  accept=0.714
[  13.3m]   7000/25000 steps  accept=0.714
[  13.8m]   7500/25000 steps  accept=0.714
[  14.4m]   8000/25000 steps  accept=0.715
[  15.0m]   8500/25000 steps  accept=0.714
[  15.5m]   9000/25000 steps  accept=0.714
[  16.1m]   9500/25000 steps  accept=0.714
[  16.7m]   10000/25000 steps  accept=0.715
[  17.2m]   10500/25000 steps  accept=0.715
[  17.8m]   11000/25000 steps  accept=0.715
[  18.4m]   11500/25000 steps  accept=0.714
[  19.0m]   12000/25000 steps  accept=0.715
[  19.6m]   12500/25000 steps  accept=0.715
[  20.1m]   13000/25000 steps  accept=0.714
[  20.7m]   13500/25000 steps  accept=0.714
[  21.3m]   14000/25000 steps  accept=0.715
[  22.0m]   14500/25000 steps  accept=0.715
[  22.6m]   15000/25000 steps  accept=0.715
[  23.2m]   15500/25000 steps  accept=0.715
[  23.8m]   16000/25000 steps  accept=0.715
[  24.4m]   16500/25000 steps  accept=0.715
[  25.1m]   17000/25000 steps  accept=0.715
[  25.7m]   17500/25000 steps  accept=0.715
[  26.4m]   18000/25000 steps  accept=0.715
[  27.1m]   18500/25000 steps  accept=0.715
[  27.8m]   19000/25000 steps  accept=0.715
[  28.5m]   19500/25000 steps  accept=0.715
[  29.3m]   20000/25000 steps  accept=0.715
[  29.9m]   20500/25000 steps  accept=0.715
[  30.6m]   21000/25000 steps  accept=0.715
[  31.3m]   21500/25000 steps  accept=0.715
[  32.0m]   22000/25000 steps  accept=0.715
[  32.7m]   22500/25000 steps  accept=0.715
[  33.4m]   23000/25000 steps  accept=0.715
[  34.1m]   23500/25000 steps  accept=0.715
[  34.8m]   24000/25000 steps  accept=0.715
[  35.5m]   24500/25000 steps  accept=0.715
[  36.2m]   25000/25000 steps  accept=0.715
[  36.4m] 
======================================================================
[  36.4m] RESULTADO MCMC PRODUCCIÓN — Prior H_alg (67.962, reframe)
[  36.4m] ======================================================================
[  36.4m]   H₀     = 67.9475  +0.3956 / -0.3969  km/s/Mpc
[  36.4m]   H₀ MAP = 67.9430
[  36.4m]   Ω_b·h² = 0.02221
[  36.4m]   ln P_MAP = -5.605
[  36.4m]   τ_max = 32.0    N_eff ≈ 78170
[  36.4m]   acceptance = 0.715
[  36.4m] 
  BIC (k=2, N=15): 16.625
[  36.4m] 
Comparación con resultados previos:
[  36.4m]   Retirado (prior MIRA 67.037, 100w×25k): H₀ = 66.53 ± 0.44
[  36.4m]   ESTE (prior H_alg 67.962, 100w×25k):    H₀ = 67.947 ± 0.398
[  36.4m] 
  Distancia a DESI-puro (65.530): 2.417 km/s/Mpc
[  36.5m] 
Figura: results/figures/fig_corner_ssee_halg_prior.pdf
[  36.5m] Cadena: /mnt/datos/SSEE_data/mcmc/paper2_reframe/mcmc_paper2_reframe_ckpt.npz
[  36.5m] Tiempo total: 36.5 min
