============================================================
SSEE-V3.6 — ANÁLISIS ESTADÍSTICO PAPER 2
============================================================

Constantes algebraicas SSEE
  Φ  = 1.618034
  KAL0 = 5.521406
  Tr/Mv = 0.839950
  P/Kv  = 0.669975

Predicciones CPL
  w0   = -0.8399
  wa   = -0.6700
  w0+wa = -1.5099

============================================================
SECCIÓN 1 — DESVIACIONES EN SIGMA (plano w0-wa)
============================================================

  [DESI+CMB (DR2 ec.25)]
    Best-fit obs:   w0=-0.420, wa=-1.750
    SSEE pred:      w0=-0.8399, wa=-0.6700
    Δw0 = -2.000σ  |  Δwa = +1.862σ
    χ²(2D) = 4.094  →  1.52σ equiv  (p=0.1291)

  [DESI+CMB+Pantheon+ (DR2 ec.26)]
    Best-fit obs:   w0=-0.838, wa=-0.620
    SSEE pred:      w0=-0.8399, wa=-0.6700
    Δw0 = -0.035σ  |  Δwa = -0.244σ
    χ²(2D) = 0.272  →  0.16σ equiv  (p=0.8730)

  [DESI+CMB+Union3 (DR2 ec.27)]
    Best-fit obs:   w0=-0.667, wa=-1.090
    SSEE pred:      w0=-0.8399, wa=-0.6700
    Δw0 = -1.965σ  |  Δwa = +1.448σ
    χ²(2D) = 4.040  →  1.50σ equiv  (p=0.1326)

  [DESI+CMB+DESY5 (DR2 ec.28)]
    Best-fit obs:   w0=-0.752, wa=-0.860
    SSEE pred:      w0=-0.8399, wa=-0.6700
    Δw0 = -1.543σ  |  Δwa = +0.884σ
    χ²(2D) = 3.040  →  1.23σ equiv  (p=0.2187)

  Sensibilidad a ρ(w0,wa) — tensión 2D equivalente por combinación:
  combinación                         ρ=-0.70  ρ=-0.85  ρ=-0.92
  DESI+CMB (DR2 ec.25)                  1.60σ    1.52σ    1.49σ
  DESI+CMB+Pantheon+ (DR2 ec.26)        0.09σ    0.16σ    0.28σ
  DESI+CMB+Union3 (DR2 ec.27)           1.46σ    1.50σ    1.67σ
  DESI+CMB+DESY5 (DR2 ec.28)            1.05σ    1.23σ    1.56σ

============================================================
SECCIÓN 2 — TABLA DE SENSIBILIDAD: MASA DE CÚMULOS
============================================================

  KAL0        = 5.5214
  fnu central = 0.020  ±0.002
  Factor IGIMF/STD promedio = 1.718

  Cluster           M_obs  SSEE full     fnu=0   STD IMF  KAL0 only  χ²_full
  ----------------------------------------------------------------------------
  Coma               9.8      10.14      9.94      5.63       5.52     0.114
  A2029             12.0      12.39     12.15      7.32       7.18     0.106
  A478               8.0       8.45      8.28      5.07       4.97     0.200
  Bullet (main)      6.5       6.76      6.63      3.94       3.86     0.067

  Resumen χ² por escenario (N=4 cúmulos):
  Escenario            χ²_total     χ²_red  Δχ²_vs_full
  ----------------------------------------------------
  SSEE completo           0.487      0.122       +0.000
  fnu = 0                 0.130      0.032       -0.357
  STD IMF                47.709     11.927      +47.223
  KAL0 solo              50.583     12.646      +50.097

============================================================
SECCIÓN 3 — Ω_DE,SSEE vs Ω_Λ : ANÁLISIS CHI2
============================================================

  Ω_DE,SSEE  = 0.8399  (= Tr/Mv, algebraico)
  Ω_Λ (ref)  = 0.6850  (Planck 2018)
  Diferencia absoluta: ΔΩ = 0.1549

  Comparación Ω_DE,SSEE vs restricciones observacionales:

  Dataset                        Ω_obs       σ   Δ/σ (SSEE)   χ²(1D)     p-val
  -------------------------------------------------------------------------
  Planck 2018                   0.6847  0.0073       +21.27σ   452.29  2.29e-100
  DESI DR2 + CMB                0.6900  0.0100       +14.99σ   224.85  7.92e-51
  DESI DR2 + CMB + DESY5        0.6910  0.0120       +12.41σ   154.07  2.24e-35

  NOTA ESTRUCTURAL:
  Ω_DE,SSEE ≈ 0.840 es una predicción geométrica (= Tr/Mv), no un fit.
  La discrepancia de ~21σ respecto a Planck no indica fallo: en SSEE,
  la presión geométrica adicional (ΔΩ ≈ 0.155) es parcialmente absorbida
  por la amplificación KAL0 sobre ρ_bar, reduciendo la fracción de materia
  efectiva. El análisis Bayesiano completo (Paper 2) cuantificará esto.

============================================================
RESUMEN EJECUTIVO PARA PAPER 2
============================================================

  POSICIÓN w0-wa (DESI DR2 oficial, 4 combinaciones w0waCDM):
    SSEE: (w0, wa) = (-0.8399, -0.6700)
    vs DESI+CMB+Pantheon+ (-0.838, -0.62):
      Δw0 = -0.035σ,  Δwa = -0.244σ
      Distancia Mahalanobis: 0.272 → 0.16σ equiv
    RANGO honesto entre combinaciones (depende del compilado SN):
      mínimo 0.16σ (DESI+CMB+Pantheon+ (DR2 ec.26)) — máximo 1.52σ (DESI+CMB (DR2 ec.25))

  MASAS EN CÚMULOS (χ² reducido):
    SSEE completo:  χ²_red = 0.122
    fnu = 0:        χ²_red = 0.032  (Δχ² = +-0.357)
    STD IMF:        χ²_red = 11.927  (Δχ² = +47.223)
    KAL0 solo:      χ²_red = 12.646  (Δχ² = +50.097)

  OMEGA_DE:
    SSEE vs Planck 2018: +21.27σ (requiere reinterpretación estructural)
    SSEE vs DESI+CMB:    +14.99σ

Análisis completado. Outputs listos para Paper 2.
============================================================
